
Optional file libmchp_peripheral.a not found

Optional file libmchp_peripheral_32MX320F128H.a not found
Archive member included to satisfy reference by file (symbol)

c:/program files/microchip/xc32/v3.01/bin/bin/../../lib/gcc/pic32mx/8.3.1\libgcc.a(floatunsisf.o)
                              build/default/production/_ext/627994287/AD.o (__floatunsisf)
c:/program files/microchip/xc32/v3.01/bin/bin/../../lib/gcc/pic32mx/8.3.1/../../../../pic32mx/lib\libpic32.a(default-bootstrap-exception-handler.o)
                              C:\Users\maansilv\AppData\Local\Temp\ccYtwxsL.o (_bootstrap_exception_handler)
c:/program files/microchip/xc32/v3.01/bin/bin/../../lib/gcc/pic32mx/8.3.1/../../../../pic32mx/lib\libpic32.a(default-on-reset.o)
                              C:\Users\maansilv\AppData\Local\Temp\ccYtwxsL.o (_on_reset)
c:/program files/microchip/xc32/v3.01/bin/bin/../../lib/gcc/pic32mx/8.3.1/../../../../pic32mx/lib\libpic32.a(default-on-bootstrap.o)
                              C:\Users\maansilv\AppData\Local\Temp\ccYtwxsL.o (_on_bootstrap)
c:/program files/microchip/xc32/v3.01/bin/bin/../../lib/gcc/pic32mx/8.3.1/../../../../pic32mx/lib\libpic32.a(default-nmi-handler.o)
                              C:\Users\maansilv\AppData\Local\Temp\ccYtwxsL.o (_nmi_handler)
c:/program files/microchip/xc32/v3.01/bin/bin/../../lib/gcc/pic32mx/8.3.1/../../../../pic32mx/lib\libpic32.a(pic32_data_init.o)
                              C:\Users\maansilv\AppData\Local\Temp\ccYtwxsL.o (__pic32_data_init)
c:/program files/microchip/xc32/v3.01/bin/bin/../../lib/gcc/pic32mx/8.3.1/../../../../pic32mx/lib\libpic32.a(general-exception.o)
                              C:\Users\maansilv\AppData\Local\Temp\ccYtwxsL.o (_general_exception_context)
c:/program files/microchip/xc32/v3.01/bin/bin/../../lib/gcc/pic32mx/8.3.1/../../../../pic32mx/lib\libpic32.a(vector0.o)
                              C:\Users\maansilv\AppData\Local\Temp\ccmxr1MM.o (__vector_dispatch_0)
c:/program files/microchip/xc32/v3.01/bin/bin/../../lib/gcc/pic32mx/8.3.1/../../../../pic32mx/lib\libpic32.a(vector1.o)
                              C:\Users\maansilv\AppData\Local\Temp\ccmxr1MM.o (__vector_dispatch_1)
c:/program files/microchip/xc32/v3.01/bin/bin/../../lib/gcc/pic32mx/8.3.1/../../../../pic32mx/lib\libpic32.a(vector2.o)
                              C:\Users\maansilv\AppData\Local\Temp\ccmxr1MM.o (__vector_dispatch_2)
c:/program files/microchip/xc32/v3.01/bin/bin/../../lib/gcc/pic32mx/8.3.1/../../../../pic32mx/lib\libpic32.a(vector3.o)
                              C:\Users\maansilv\AppData\Local\Temp\ccmxr1MM.o (__vector_dispatch_3)
c:/program files/microchip/xc32/v3.01/bin/bin/../../lib/gcc/pic32mx/8.3.1/../../../../pic32mx/lib\libpic32.a(vector5.o)
                              C:\Users\maansilv\AppData\Local\Temp\ccmxr1MM.o (__vector_dispatch_5)
c:/program files/microchip/xc32/v3.01/bin/bin/../../lib/gcc/pic32mx/8.3.1/../../../../pic32mx/lib\libpic32.a(vector6.o)
                              C:\Users\maansilv\AppData\Local\Temp\ccmxr1MM.o (__vector_dispatch_6)
c:/program files/microchip/xc32/v3.01/bin/bin/../../lib/gcc/pic32mx/8.3.1/../../../../pic32mx/lib\libpic32.a(vector7.o)
                              C:\Users\maansilv\AppData\Local\Temp\ccmxr1MM.o (__vector_dispatch_7)
c:/program files/microchip/xc32/v3.01/bin/bin/../../lib/gcc/pic32mx/8.3.1/../../../../pic32mx/lib\libpic32.a(vector8.o)
                              C:\Users\maansilv\AppData\Local\Temp\ccmxr1MM.o (__vector_dispatch_8)
c:/program files/microchip/xc32/v3.01/bin/bin/../../lib/gcc/pic32mx/8.3.1/../../../../pic32mx/lib\libpic32.a(vector9.o)
                              C:\Users\maansilv\AppData\Local\Temp\ccmxr1MM.o (__vector_dispatch_9)
c:/program files/microchip/xc32/v3.01/bin/bin/../../lib/gcc/pic32mx/8.3.1/../../../../pic32mx/lib\libpic32.a(vector10.o)
                              C:\Users\maansilv\AppData\Local\Temp\ccmxr1MM.o (__vector_dispatch_10)
c:/program files/microchip/xc32/v3.01/bin/bin/../../lib/gcc/pic32mx/8.3.1/../../../../pic32mx/lib\libpic32.a(vector11.o)
                              C:\Users\maansilv\AppData\Local\Temp\ccmxr1MM.o (__vector_dispatch_11)
c:/program files/microchip/xc32/v3.01/bin/bin/../../lib/gcc/pic32mx/8.3.1/../../../../pic32mx/lib\libpic32.a(vector12.o)
                              C:\Users\maansilv\AppData\Local\Temp\ccmxr1MM.o (__vector_dispatch_12)
c:/program files/microchip/xc32/v3.01/bin/bin/../../lib/gcc/pic32mx/8.3.1/../../../../pic32mx/lib\libpic32.a(vector13.o)
                              C:\Users\maansilv\AppData\Local\Temp\ccmxr1MM.o (__vector_dispatch_13)
c:/program files/microchip/xc32/v3.01/bin/bin/../../lib/gcc/pic32mx/8.3.1/../../../../pic32mx/lib\libpic32.a(vector14.o)
                              C:\Users\maansilv\AppData\Local\Temp\ccmxr1MM.o (__vector_dispatch_14)
c:/program files/microchip/xc32/v3.01/bin/bin/../../lib/gcc/pic32mx/8.3.1/../../../../pic32mx/lib\libpic32.a(vector15.o)
[...]
Memory Configuration

Name             Origin             Length             Attributes
kseg0_program_mem 0x000000009d002000 0x000000000001d000 xr
kseg0_boot_mem   0x000000009d000490 0x0000000000000970
exception_mem    0x000000009d001000 0x0000000000001000
kseg1_boot_mem   0x00000000bd000000 0x0000000000000490
debug_exec_mem   0x00000000bfc02000 0x0000000000000ff0
config3          0x00000000bfc02ff0 0x0000000000000004
config2          0x00000000bfc02ff4 0x0000000000000004
config1          0x00000000bfc02ff8 0x0000000000000004
config0          0x00000000bfc02ffc 0x0000000000000004
kseg1_data_mem   0x00000000a0000000 0x0000000000004000 w !x
sfrs             0x00000000bf800000 0x0000000000100000
configsfrs       0x00000000bfc02ff0 0x0000000000000010
*default*        0x0000000000000000 0xffffffffffffffff

Linker script and memory map

LOAD c:/program files/microchip/xc32/v3.01/bin/bin/../../lib/gcc/pic32mx/8.3.1/../../../../pic32mx/lib\debug-exception-return.o
LOAD build/default/production/_ext/627994287/AD.o
LOAD build/default/production/_ext/627994287/BOARD.o
LOAD build/default/production/_ext/627994287/ES_CheckEvents.o
LOAD build/default/production/_ext/627994287/ES_Framework.o
LOAD build/default/production/_ext/627994287/ES_KeyboardInput.o
LOAD build/default/production/_ext/627994287/ES_PostList.o
LOAD build/default/production/_ext/627994287/ES_Queue.o
LOAD build/default/production/_ext/627994287/ES_TattleTale.o
LOAD build/default/production/_ext/627994287/ES_Timers.o
LOAD build/default/production/_ext/627994287/IO_Ports.o
LOAD build/default/production/_ext/627994287/LED.o
LOAD build/default/production/_ext/627994287/RC_Servo.o
LOAD build/default/production/_ext/627994287/pwm.o
LOAD build/default/production/_ext/627994287/serial.o
LOAD build/default/production/_ext/627994287/timers.o
LOAD build/default/production/_ext/1612843869/motors.o
LOAD build/default/production/_ext/1612843869/MotorEncoderService.o
LOAD build/default/production/_ext/1612843869/RCServoService.o
LOAD build/default/production/_ext/1612843869/SensorEventChecker.o
LOAD build/default/production/ES_Main.o
LOAD build/default/production/TopLevelHSM.o
LOAD build/default/production/DetectBeaconSubHSM.o
LOAD build/default/production/NavigateToTowerSubHSM.o
LOAD build/default/production/AlignAndLaunchSubHSM.o
LOAD build/default/production/RobotMovementService.o
LOAD build/default/production/GetBackOnCourseFSM.o
                0x0000000000000001                __MPLAB_BUILD = 0x1
                0x0000000000000400                PROVIDE (_min_stack_size = 0x400)
START GROUP
LOAD libmchp_peripheral.a
END GROUP
START GROUP
LOAD libmchp_peripheral_32MX320F128H.a
END GROUP
                0x0000000000000001                PROVIDE (_vector_spacing = 0x1)
                0x000000009d001000                _ebase_address = 0x9d001000
                0x00000000bd000000                _RESET_ADDR = 0xbd000000
                0x00000000bd000380                _BEV_EXCPT_ADDR = 0xbd000380
                0x00000000bd000480                _DBG_EXCPT_ADDR = 0xbd000480
                0x00000000bfc02000                _DBG_CODE_ADDR = 0xbfc02000
                0x0000000000000ff0                _DBG_CODE_SIZE = 0xff0
                0x000000009d001180                _GEN_EXCPT_ADDR = (_ebase_address + 0x180)

.config_BFC02FF0
 *(.config_BFC02FF0)

.config_BFC02FF4
 *(.config_BFC02FF4)

.config_BFC02FF8
 *(.config_BFC02FF8)

.config_BFC02FFC
 *(.config_BFC02FFC)
                [!provide]                        PROVIDE (_DBG_CODE_ADDR = 0xbfc02000)
                [!provide]                        PROVIDE (_DBG_CODE_SIZE = 0xff0)

.reset          0x00000000bd000000      0x19c
 *(.reset)
 .reset         0x00000000bd000000        0x8 C:\Users\maansilv\AppData\Local\Temp\ccYtwxsL.o
                0x00000000bd000000                _reset
 *(.reset.startup)
 .reset.startup
                0x00000000bd000008      0x194 C:\Users\maansilv\AppData\Local\Temp\ccYtwxsL.o
                0x00000000bd000008                _startup

.bev_excpt      0x00000000bd000380       0x10
 *(.bev_handler)
 .bev_handler   0x00000000bd000380       0x10 C:\Users\maansilv\AppData\Local\Temp\ccYtwxsL.o

.dbg_excpt      0x00000000bd000480        0x0
                0x00000000bd000480                . = (. + DEFINED (_DEBUGGER)?0x8:0x0)

.dbg_code       0x00000000bfc02000        0x0
                0x00000000bfc02000                . = (. + DEFINED (_DEBUGGER)?_DBG_CODE_SIZE:0x0)

.app_excpt      0x000000009d001180       0x10
 *(.gen_handler)
 .gen_handler   0x000000009d001180       0x10 C:\Users\maansilv\AppData\Local\Temp\ccYtwxsL.o

.vector_0       0x000000009d001200        0x8
 *(.vector_0)
 .vector_0      0x000000009d001200        0x8 c:/program files/microchip/xc32/v3.01/bin/bin/../../lib/gcc/pic32mx/8.3.1/../../../../pic32mx/lib\libpic32.a(vector0.o)
                0x000000009d001200                __vector_dispatch_0
                0x0000000000000001                ASSERT (((_vector_spacing == 0x0) || (SIZEOF (.vector_0) <= (_vector_spacing << 0x5))), function at exception vector 0 too large)

.vector_1       0x000000009d001220        0x8
 *(.vector_1)
 .vector_1      0x000000009d001220        0x8 c:/program files/microchip/xc32/v3.01/bin/bin/../../lib/gcc/pic32mx/8.3.1/../../../../pic32mx/lib\libpic32.a(vector1.o)
                0x000000009d001220                __vector_dispatch_1
                0x0000000000000001                ASSERT (((_vector_spacing == 0x0) || (SIZEOF (.vector_1) <= (_vector_spacing << 0x5))), function at exception vector 1 too large)

.vector_2       0x000000009d001240        0x8
 *(.vector_2)
 .vector_2      0x000000009d001240        0x8 c:/program files/microchip/xc32/v3.01/bin/bin/../../lib/gcc/pic32mx/8.3.1/../../../../pic32mx/lib\libpic32.a(vector2.o)
                0x000000009d001240                __vector_dispatch_2
                0x0000000000000001                ASSERT (((_vector_spacing == 0x0) || (SIZEOF (.vector_2) <= (_vector_spacing << 0x5))), function at exception vector 2 too large)

.vector_3       0x000000009d001260        0x8
 *(.vector_3)
 .vector_3      0x000000009d001260        0x8 c:/program files/microchip/xc32/v3.01/bin/bin/../../lib/gcc/pic32mx/8.3.1/../../../../pic32mx/lib\libpic32.a(vector3.o)
                0x000000009d001260                __vector_dispatch_3
                0x0000000000000001                ASSERT (((_vector_spacing == 0x0) || (SIZEOF (.vector_3) <= (_vector_spacing << 0x5))), function at exception vector 3 too large)

.vector_4       0x000000009d001280        0x8
 *(.vector_4)
 .vector_4      0x000000009d001280        0x8 build/default/production/_ext/627994287/ES_Timers.o
                0x000000009d001280                __vector_dispatch_4
                0x0000000000000001                ASSERT (((_vector_spacing == 0x0) || (SIZEOF (.vector_4) <= (_vector_spacing << 0x5))), function at exception vector 4 too large)

.vector_5       0x000000009d0012a0        0x8
 *(.vector_5)
 .vector_5      0x000000009d0012a0        0x8 c:/program files/microchip/xc32/v3.01/bin/bin/../../lib/gcc/pic32mx/8.3.1/../../../../pic32mx/lib\libpic32.a(vector5.o)
                0x000000009d0012a0                __vector_dispatch_5
                0x0000000000000001                ASSERT (((_vector_spacing == 0x0) || (SIZEOF (.vector_5) <= (_vector_spacing << 0x5))), function at exception vector 5 too large)

.vector_6       0x000000009d0012c0        0x8
 *(.vector_6)
 .vector_6      0x000000009d0012c0        0x8 c:/program files/microchip/xc32/v3.01/bin/bin/../../lib/gcc/pic32mx/8.3.1/../../../../pic32mx/lib\libpic32.a(vector6.o)
                0x000000009d0012c0                __vector_dispatch_6
                0x0000000000000001                ASSERT (((_vector_spacing == 0x0) || (SIZEOF (.vector_6) <= (_vector_spacing << 0x5))), function at exception vector 6 too large)

.vector_7       0x000000009d0012e0        0x8
 *(.vector_7)
 .vector_7      0x000000009d0012e0        0x8 c:/program files/microchip/xc32/v3.01/bin/bin/../../lib/gcc/pic32mx/8.3.1/../../../../pic32mx/lib\libpic32.a(vector7.o)
                0x000000009d0012e0                __vector_dispatch_7
                0x0000000000000001                ASSERT (((_vector_spacing == 0x0) || (SIZEOF (.vector_7) <= (_vector_spacing << 0x5))), function at exception vector 7 too large)

.vector_8       0x000000009d001300        0x8
 *(.vector_8)
 .vector_8      0x000000009d001300        0x8 c:/program files/microchip/xc32/v3.01/bin/bin/../../lib/gcc/pic32mx/8.3.1/../../../../pic32mx/lib\libpic32.a(vector8.o)
                0x000000009d001300                __vector_dispatch_8
                0x0000000000000001                ASSERT (((_vector_spacing == 0x0) || (SIZEOF (.vector_8) <= (_vector_spacing << 0x5))), function at exception vector 8 too large)

.vector_9       0x000000009d001320        0x8
 *(.vector_9)
 .vector_9      0x000000009d001320        0x8 c:/program files/microchip/xc32/v3.01/bin/bin/../../lib/gcc/pic32mx/8.3.1/../../../../pic32mx/lib\libpic32.a(vector9.o)
                0x000000009d001320                __vector_dispatch_9
                0x0000000000000001                ASSERT (((_vector_spacing == 0x0) || (SIZEOF (.vector_9) <= (_vector_spacing << 0x5))), function at exception vector 9 too large)

.vector_10      0x000000009d001340        0x8
 *(.vector_10)
 .vector_10     0x000000009d001340        0x8 c:/program files/microchip/xc32/v3.01/bin/bin/../../lib/gcc/pic32mx/8.3.1/../../../../pic32mx/lib\libpic32.a(vector10.o)
                0x000000009d001340                __vector_dispatch_10
                0x0000000000000001                ASSERT (((_vector_spacing == 0x0) || (SIZEOF (.vector_10) <= (_vector_spacing << 0x5))), function at exception vector 10 too large)

.vector_11      0x000000009d001360        0x8
 *(.vector_11)
 .vector_11     0x000000009d001360        0x8 c:/program files/microchip/xc32/v3.01/bin/bin/../../lib/gcc/pic32mx/8.3.1/../../../../pic32mx/lib\libpic32.a(vector11.o)
                0x000000009d001360                __vector_dispatch_11
                0x0000000000000001                ASSERT (((_vector_spacing == 0x0) || (SIZEOF (.vector_11) <= (_vector_spacing << 0x5))), function at exception vector 11 too large)

.vector_12      0x000000009d001380        0x8
 *(.vector_12)
 .vector_12     0x000000009d001380        0x8 c:/program files/microchip/xc32/v3.01/bin/bin/../../lib/gcc/pic32mx/8.3.1/../../../../pic32mx/lib\libpic32.a(vector12.o)
                0x000000009d001380                __vector_dispatch_12
                0x0000000000000001                ASSERT (((_vector_spacing == 0x0) || (SIZEOF (.vector_12) <= (_vector_spacing << 0x5))), function at exception vector 12 too large)

.vector_13      0x000000009d0013a0        0x8
 *(.vector_13)
 .vector_13     0x000000009d0013a0        0x8 c:/program files/microchip/xc32/v3.01/bin/bin/../../lib/gcc/pic32mx/8.3.1/../../../../pic32mx/lib\libpic32.a(vector13.o)
                0x000000009d0013a0                __vector_dispatch_13
                0x0000000000000001                ASSERT (((_vector_spacing == 0x0) || (SIZEOF (.vector_13) <= (_vector_spacing << 0x5))), function at exception vector 13 too large)

.vector_14      0x000000009d0013c0        0x8
 *(.vector_14)
 .vector_14     0x000000009d0013c0        0x8 c:/program files/microchip/xc32/v3.01/bin/bin/../../lib/gcc/pic32mx/8.3.1/../../../../pic32mx/lib\libpic32.a(vector14.o)
                0x000000009d0013c0                __vector_dispatch_14
                0x0000000000000001                ASSERT (((_vector_spacing == 0x0) || (SIZEOF (.vector_14) <= (_vector_spacing << 0x5))), function at exception vector 14 too large)

.vector_15      0x000000009d0013e0        0x8
 *(.vector_15)
 .vector_15     0x000000009d0013e0        0x8 c:/program files/microchip/xc32/v3.01/bin/bin/../../lib/gcc/pic32mx/8.3.1/../../../../pic32mx/lib\libpic32.a(vector15.o)
                0x000000009d0013e0                __vector_dispatch_15
                0x0000000000000001                ASSERT (((_vector_spacing == 0x0) || (SIZEOF (.vector_15) <= (_vector_spacing << 0x5))), function at exception vector 15 too large)

.vector_16      0x000000009d001400        0x8
 *(.vector_16)
 .vector_16     0x000000009d001400        0x8 build/default/production/_ext/627994287/RC_Servo.o
                0x000000009d001400                __vector_dispatch_16
                0x0000000000000001                ASSERT (((_vector_spacing == 0x0) || (SIZEOF (.vector_16) <= (_vector_spacing << 0x5))), function at exception vector 16 too large)

.vector_17      0x000000009d001420        0x8
 *(.vector_17)
 .vector_17     0x000000009d001420        0x8 c:/program files/microchip/xc32/v3.01/bin/bin/../../lib/gcc/pic32mx/8.3.1/../../../../pic32mx/lib\libpic32.a(vector17.o)
                0x000000009d001420                __vector_dispatch_17
                0x0000000000000001                ASSERT (((_vector_spacing == 0x0) || (SIZEOF (.vector_17) <= (_vector_spacing << 0x5))), function at exception vector 17 too large)

.vector_18      0x000000009d001440        0x8
 *(.vector_18)
 .vector_18     0x000000009d001440        0x8 c:/program files/microchip/xc32/v3.01/bin/bin/../../lib/gcc/pic32mx/8.3.1/../../../../pic32mx/lib\libpic32.a(vector18.o)
                0x000000009d001440                __vector_dispatch_18
                0x0000000000000001                ASSERT (((_vector_spacing == 0x0) || (SIZEOF (.vector_18) <= (_vector_spacing << 0x5))), function at exception vector 18 too large)

.vector_19      0x000000009d001460        0x8
 *(.vector_19)
 .vector_19     0x000000009d001460        0x8 c:/program files/microchip/xc32/v3.01/bin/bin/../../lib/gcc/pic32mx/8.3.1/../../../../pic32mx/lib\libpic32.a(vector19.o)
                0x000000009d001460                __vector_dispatch_19
                0x0000000000000001                ASSERT (((_vector_spacing == 0x0) || (SIZEOF (.vector_19) <= (_vector_spacing << 0x5))), function at exception vector 19 too large)

.vector_20      0x000000009d001480        0x8
 *(.vector_20)
 .vector_20     0x000000009d001480        0x8 build/default/production/_ext/627994287/timers.o
                0x000000009d001480                __vector_dispatch_20
                0x0000000000000001                ASSERT (((_vector_spacing == 0x0) || (SIZEOF (.vector_20) <= (_vector_spacing << 0x5))), function at exception vector 20 too large)

.vector_21      0x000000009d0014a0        0x8
 *(.vector_21)
 .vector_21     0x000000009d0014a0        0x8 c:/program files/microchip/xc32/v3.01/bin/bin/../../lib/gcc/pic32mx/8.3.1/../../../../pic32mx/lib\libpic32.a(vector21.o)
                0x000000009d0014a0                __vector_dispatch_21
                0x0000000000000001                ASSERT (((_vector_spacing == 0x0) || (SIZEOF (.vector_21) <= (_vector_spacing << 0x5))), function at exception vector 21 too large)

.vector_22      0x000000009d0014c0        0x8
 *(.vector_22)
 .vector_22     0x000000009d0014c0        0x8 c:/program files/microchip/xc32/v3.01/bin/bin/../../lib/gcc/pic32mx/8.3.1/../../../../pic32mx/lib\libpic32.a(vector22.o)
                0x000000009d0014c0                __vector_dispatch_22
                0x0000000000000001                ASSERT (((_vector_spacing == 0x0) || (SIZEOF (.vector_22) <= (_vector_spacing << 0x5))), function at exception vector 22 too large)

.vector_23      0x000000009d0014e0        0x8
 *(.vector_23)
 .vector_23     0x000000009d0014e0        0x8 c:/program files/microchip/xc32/v3.01/bin/bin/../../lib/gcc/pic32mx/8.3.1/../../../../pic32mx/lib\libpic32.a(vector23.o)
                0x000000009d0014e0                __vector_dispatch_23
                0x0000000000000001                ASSERT (((_vector_spacing == 0x0) || (SIZEOF (.vector_23) <= (_vector_spacing << 0x5))), function at exception vector 23 too large)

.vector_24      0x000000009d001500        0x8
 *(.vector_24)
 .vector_24     0x000000009d001500        0x8 build/default/production/_ext/627994287/serial.o
                0x000000009d001500                __vector_dispatch_24
                0x0000000000000001                ASSERT (((_vector_spacing == 0x0) || (SIZEOF (.vector_24) <= (_vector_spacing << 0x5))), function at exception vector 24 too large)

.vector_25      0x000000009d001520        0x8
 *(.vector_25)
 .vector_25     0x000000009d001520        0x8 c:/program files/microchip/xc32/v3.01/bin/bin/../../lib/gcc/pic32mx/8.3.1/../../../../pic32mx/lib\libpic32.a(vector25.o)
                0x000000009d001520                __vector_dispatch_25
                0x0000000000000001                ASSERT (((_vector_spacing == 0x0) || (SIZEOF (.vector_25) <= (_vector_spacing << 0x5))), function at exception vector 25 too large)

.vector_26      0x000000009d001540        0x8
 *(.vector_26)
 .vector_26     0x000000009d001540        0x8 c:/program files/microchip/xc32/v3.01/bin/bin/../../lib/gcc/pic32mx/8.3.1/../../../../pic32mx/lib\libpic32.a(vector26.o)
                0x000000009d001540                __vector_dispatch_26
                0x0000000000000001                ASSERT (((_vector_spacing == 0x0) || (SIZEOF (.vector_26) <= (_vector_spacing << 0x5))), function at exception vector 26 too large)

.vector_27      0x000000009d001560        0x8
 *(.vector_27)
 .vector_27     0x000000009d001560        0x8 build/default/production/_ext/627994287/AD.o
                0x000000009d001560                __vector_dispatch_27
                0x0000000000000001                ASSERT (((_vector_spacing == 0x0) || (SIZEOF (.vector_27) <= (_vector_spacing << 0x5))), function at exception vector 27 too large)

.vector_28      0x000000009d001580        0x8
 *(.vector_28)
 .vector_28     0x000000009d001580        0x8 c:/program files/microchip/xc32/v3.01/bin/bin/../../lib/gcc/pic32mx/8.3.1/../../../../pic32mx/lib\libpic32.a(vector28.o)
                0x000000009d001580                __vector_dispatch_28
                0x0000000000000001                ASSERT (((_vector_spacing == 0x0) || (SIZEOF (.vector_28) <= (_vector_spacing << 0x5))), function at exception vector 28 too large)

.vector_29      0x000000009d0015a0        0x8
 *(.vector_29)
 .vector_29     0x000000009d0015a0        0x8 c:/program files/microchip/xc32/v3.01/bin/bin/../../lib/gcc/pic32mx/8.3.1/../../../../pic32mx/lib\libpic32.a(vector29.o)
                0x000000009d0015a0                __vector_dispatch_29
                0x0000000000000001                ASSERT (((_vector_spacing == 0x0) || (SIZEOF (.vector_29) <= (_vector_spacing << 0x5))), function at exception vector 29 too large)

.vector_30      0x000000009d0015c0        0x8
 *(.vector_30)
 .vector_30     0x000000009d0015c0        0x8 c:/program files/microchip/xc32/v3.01/bin/bin/../../lib/gcc/pic32mx/8.3.1/../../../../pic32mx/lib\libpic32.a(vector30.o)
                0x000000009d0015c0                __vector_dispatch_30
                0x0000000000000001                ASSERT (((_vector_spacing == 0x0) || (SIZEOF (.vector_30) <= (_vector_spacing << 0x5))), function at exception vector 30 too large)

.vector_31      0x000000009d0015e0        0x8
 *(.vector_31)
 .vector_31     0x000000009d0015e0        0x8 c:/program files/microchip/xc32/v3.01/bin/bin/../../lib/gcc/pic32mx/8.3.1/../../../../pic32mx/lib\libpic32.a(vector31.o)
                0x000000009d0015e0                __vector_dispatch_31
                0x0000000000000001                ASSERT (((_vector_spacing == 0x0) || (SIZEOF (.vector_31) <= (_vector_spacing << 0x5))), function at exception vector 31 too large)

.vector_32      0x000000009d001600        0x8
 *(.vector_32)
 .vector_32     0x000000009d001600        0x8 c:/program files/microchip/xc32/v3.01/bin/bin/../../lib/gcc/pic32mx/8.3.1/../../../../pic32mx/lib\libpic32.a(vector32.o)
                0x000000009d001600                __vector_dispatch_32
                0x0000000000000001                ASSERT (((_vector_spacing == 0x0) || (SIZEOF (.vector_32) <= (_vector_spacing << 0x5))), function at exception vector 32 too large)

.vector_33      0x000000009d001620        0x8
 *(.vector_33)
 .vector_33     0x000000009d001620        0x8 c:/program files/microchip/xc32/v3.01/bin/bin/../../lib/gcc/pic32mx/8.3.1/../../../../pic32mx/lib\libpic32.a(vector33.o)
                0x000000009d001620                __vector_dispatch_33
                0x0000000000000001                ASSERT (((_vector_spacing == 0x0) || (SIZEOF (.vector_33) <= (_vector_spacing << 0x5))), function at exception vector 33 too large)

.vector_34      0x000000009d001640        0x8
 *(.vector_34)
 .vector_34     0x000000009d001640        0x8 c:/program files/microchip/xc32/v3.01/bin/bin/../../lib/gcc/pic32mx/8.3.1/../../../../pic32mx/lib\libpic32.a(vector34.o)
                0x000000009d001640                __vector_dispatch_34
                0x0000000000000001                ASSERT (((_vector_spacing == 0x0) || (SIZEOF (.vector_34) <= (_vector_spacing << 0x5))), function at exception vector 34 too large)

.vector_35      0x000000009d001660        0x8
 *(.vector_35)
 .vector_35     0x000000009d001660        0x8 c:/program files/microchip/xc32/v3.01/bin/bin/../../lib/gcc/pic32mx/8.3.1/../../../../pic32mx/lib\libpic32.a(vector35.o)
                0x000000009d001660                __vector_dispatch_35
                0x0000000000000001                ASSERT (((_vector_spacing == 0x0) || (SIZEOF (.vector_35) <= (_vector_spacing << 0x5))), function at exception vector 35 too large)

.vector_36      0x000000009d001680        0x8
 *(.vector_36)
 .vector_36     0x000000009d001680        0x8 c:/program files/microchip/xc32/v3.01/bin/bin/../../lib/gcc/pic32mx/8.3.1/../../../../pic32mx/lib\libpic32.a(vector36.o)
                0x000000009d001680                __vector_dispatch_36
                0x0000000000000001                ASSERT (((_vector_spacing == 0x0) || (SIZEOF (.vector_36) <= (_vector_spacing << 0x5))), function at exception vector 36 too large)

.vector_37      0x000000009d0016a0        0x8
 *(.vector_37)
 .vector_37     0x000000009d0016a0        0x8 c:/program files/microchip/xc32/v3.01/bin/bin/../../lib/gcc/pic32mx/8.3.1/../../../../pic32mx/lib\libpic32.a(vector37.o)
                0x000000009d0016a0                __vector_dispatch_37
                0x0000000000000001                ASSERT (((_vector_spacing == 0x0) || (SIZEOF (.vector_37) <= (_vector_spacing << 0x5))), function at exception vector 37 too large)

.vector_38      0x000000009d0016c0        0x8
 *(.vector_38)
 .vector_38     0x000000009d0016c0        0x8 c:/program files/microchip/xc32/v3.01/bin/bin/../../lib/gcc/pic32mx/8.3.1/../../../../pic32mx/lib\libpic32.a(vector38.o)
                0x000000009d0016c0                __vector_dispatch_38
                0x0000000000000001                ASSERT (((_vector_spacing == 0x0) || (SIZEOF (.vector_38) <= (_vector_spacing << 0x5))), function at exception vector 38 too large)

.vector_39      0x000000009d0016e0        0x8
 *(.vector_39)
 .vector_39     0x000000009d0016e0        0x8 c:/program files/microchip/xc32/v3.01/bin/bin/../../lib/gcc/pic32mx/8.3.1/../../../../pic32mx/lib\libpic32.a(vector39.o)
                0x000000009d0016e0                __vector_dispatch_39
                0x0000000000000001                ASSERT (((_vector_spacing == 0x0) || (SIZEOF (.vector_39) <= (_vector_spacing << 0x5))), function at exception vector 39 too large)

.vector_40      0x000000009d001700        0x8
 *(.vector_40)
 .vector_40     0x000000009d001700        0x8 c:/program files/microchip/xc32/v3.01/bin/bin/../../lib/gcc/pic32mx/8.3.1/../../../../pic32mx/lib\libpic32.a(vector40.o)
                0x000000009d001700                __vector_dispatch_40
                0x0000000000000001                ASSERT (((_vector_spacing == 0x0) || (SIZEOF (.vector_40) <= (_vector_spacing << 0x5))), function at exception vector 40 too large)

.vector_41      0x000000009d001720        0x8
 *(.vector_41)
 .vector_41     0x000000009d001720        0x8 c:/program files/microchip/xc32/v3.01/bin/bin/../../lib/gcc/pic32mx/8.3.1/../../../../pic32mx/lib\libpic32.a(vector41.o)
                0x000000009d001720                __vector_dispatch_41
                0x0000000000000001                ASSERT (((_vector_spacing == 0x0) || (SIZEOF (.vector_41) <= (_vector_spacing << 0x5))), function at exception vector 41 too large)

.vector_42      0x000000009d001740        0x8
 *(.vector_42)
 .vector_42     0x000000009d001740        0x8 c:/program files/microchip/xc32/v3.01/bin/bin/../../lib/gcc/pic32mx/8.3.1/../../../../pic32mx/lib\libpic32.a(vector42.o)
                0x000000009d001740                __vector_dispatch_42
                0x0000000000000001                ASSERT (((_vector_spacing == 0x0) || (SIZEOF (.vector_42) <= (_vector_spacing << 0x5))), function at exception vector 42 too large)

.vector_43      0x000000009d001760        0x8
 *(.vector_43)
 .vector_43     0x000000009d001760        0x8 c:/program files/microchip/xc32/v3.01/bin/bin/../../lib/gcc/pic32mx/8.3.1/../../../../pic32mx/lib\libpic32.a(vector43.o)
                0x000000009d001760                __vector_dispatch_43
                0x0000000000000001                ASSERT (((_vector_spacing == 0x0) || (SIZEOF (.vector_43) <= (_vector_spacing << 0x5))), function at exception vector 43 too large)

.vector_44      0x000000009d001780        0x8
 *(.vector_44)
 .vector_44     0x000000009d001780        0x8 c:/program files/microchip/xc32/v3.01/bin/bin/../../lib/gcc/pic32mx/8.3.1/../../../../pic32mx/lib\libpic32.a(vector44.o)
                0x000000009d001780                __vector_dispatch_44
                0x0000000000000001                ASSERT (((_vector_spacing == 0x0) || (SIZEOF (.vector_44) <= (_vector_spacing << 0x5))), function at exception vector 44 too large)

.vector_45      0x000000009d0017a0        0x0
 *(.vector_45)
                0x0000000000000001                ASSERT (((_vector_spacing == 0x0) || (SIZEOF (.vector_45) <= (_vector_spacing << 0x5))), function at exception vector 45 too large)

.vector_46      0x000000009d0017c0        0x0
 *(.vector_46)
                0x0000000000000001                ASSERT (((_vector_spacing == 0x0) || (SIZEOF (.vector_46) <= (_vector_spacing << 0x5))), function at exception vector 46 too large)

.vector_47      0x000000009d0017e0        0x0
 *(.vector_47)
                0x0000000000000001                ASSERT (((_vector_spacing == 0x0) || (SIZEOF (.vector_47) <= (_vector_spacing << 0x5))), function at exception vector 47 too large)

.vector_48      0x000000009d001800        0x0
 *(.vector_48)
                0x0000000000000001                ASSERT (((_vector_spacing == 0x0) || (SIZEOF (.vector_48) <= (_vector_spacing << 0x5))), function at exception vector 48 too large)

.vector_49      0x000000009d001820        0x0
 *(.vector_49)
                0x0000000000000001                ASSERT (((_vector_spacing == 0x0) || (SIZEOF (.vector_49) <= (_vector_spacing << 0x5))), function at exception vector 49 too large)

.vector_50      0x000000009d001840        0x0
 *(.vector_50)
                0x0000000000000001                ASSERT (((_vector_spacing == 0x0) || (SIZEOF (.vector_50) <= (_vector_spacing << 0x5))), function at exception vector 50 too large)

.vector_51      0x000000009d001860        0x0
 *(.vector_51)
                0x0000000000000001                ASSERT (((_vector_spacing == 0x0) || (SIZEOF (.vector_51) <= (_vector_spacing << 0x5))), function at exception vector 51 too large)

.vector_52      0x000000009d001880        0x0
 *(.vector_52)
                0x0000000000000001                ASSERT (((_vector_spacing == 0x0) || (SIZEOF (.vector_52) <= (_vector_spacing << 0x5))), function at exception vector 52 too large)

.vector_53      0x000000009d0018a0        0x0
 *(.vector_53)
                0x0000000000000001                ASSERT (((_vector_spacing == 0x0) || (SIZEOF (.vector_53) <= (_vector_spacing << 0x5))), function at exception vector 53 too large)

.vector_54      0x000000009d0018c0        0x0
 *(.vector_54)
                0x0000000000000001                ASSERT (((_vector_spacing == 0x0) || (SIZEOF (.vector_54) <= (_vector_spacing << 0x5))), function at exception vector 54 too large)

.vector_55      0x000000009d0018e0        0x0
 *(.vector_55)
                0x0000000000000001                ASSERT (((_vector_spacing == 0x0) || (SIZEOF (.vector_55) <= (_vector_spacing << 0x5))), function at exception vector 55 too large)

.vector_56      0x000000009d001900        0x0
 *(.vector_56)
                0x0000000000000001                ASSERT (((_vector_spacing == 0x0) || (SIZEOF (.vector_56) <= (_vector_spacing << 0x5))), function at exception vector 56 too large)

.vector_57      0x000000009d001920        0x0
 *(.vector_57)
                0x0000000000000001                ASSERT (((_vector_spacing == 0x0) || (SIZEOF (.vector_57) <= (_vector_spacing << 0x5))), function at exception vector 57 too large)

.vector_58      0x000000009d001940        0x0
 *(.vector_58)
                0x0000000000000001                ASSERT (((_vector_spacing == 0x0) || (SIZEOF (.vector_58) <= (_vector_spacing << 0x5))), function at exception vector 58 too large)

.vector_59      0x000000009d001960        0x0
 *(.vector_59)
                0x0000000000000001                ASSERT (((_vector_spacing == 0x0) || (SIZEOF (.vector_59) <= (_vector_spacing << 0x5))), function at exception vector 59 too large)

.vector_60      0x000000009d001980        0x0
 *(.vector_60)
                0x0000000000000001                ASSERT (((_vector_spacing == 0x0) || (SIZEOF (.vector_60) <= (_vector_spacing << 0x5))), function at exception vector 60 too large)

.vector_61      0x000000009d0019a0        0x0
 *(.vector_61)
                0x0000000000000001                ASSERT (((_vector_spacing == 0x0) || (SIZEOF (.vector_61) <= (_vector_spacing << 0x5))), function at exception vector 61 too large)

.vector_62      0x000000009d0019c0        0x0
 *(.vector_62)
                0x0000000000000001                ASSERT (((_vector_spacing == 0x0) || (SIZEOF (.vector_62) <= (_vector_spacing << 0x5))), function at exception vector 62 too large)

.vector_63      0x000000009d0019e0        0x0
 *(.vector_63)
                0x0000000000000001                ASSERT (((_vector_spacing == 0x0) || (SIZEOF (.vector_63) <= (_vector_spacing << 0x5))), function at exception vector 63 too large)

.startup
 *(.startup)

.text           0x000000009d002000        0x0
 *(.stub .gnu.linkonce.t.*)
 *(.text.*personality*)
 *(.mips16.fn.*)
 *(.mips16.call.*)
 *(.gnu.warning)
                0x000000009d002000                . = ALIGN (0x4)

.init           0x000000009d002000        0x0
 *crti.o(.init)
 *crtbegin.o(.init)
 *(EXCLUDE_FILE(*crtn.o *crtend?.o *crtend.o) .init)
 *crtend.o(.init)
 *crtn.o(.init)
                0x000000009d002000                . = ALIGN (0x4)

.fini           0x000000009d002000        0x0
 *(.fini)
                0x000000009d002000                . = ALIGN (0x4)

.preinit_array  0x000000009d002000        0x0
                [!provide]                        PROVIDE (__preinit_array_start = .)
 *(.preinit_array)
                [!provide]                        PROVIDE (__preinit_array_end = .)
                0x000000009d002000                . = ALIGN (0x4)

.init_array     0x000000009d002000        0x0
                [!provide]                        PROVIDE (__init_array_start = .)
 *(SORT_BY_NAME(.init_array.*))
 *(.init_array)
                [!provide]                        PROVIDE (__init_array_end = .)
                0x000000009d002000                . = ALIGN (0x4)

.fini_array     0x000000009d002000        0x0
                [!provide]                        PROVIDE (__fini_array_start = .)
 *(SORT_BY_NAME(.fini_array.*))
 *(.fini_array)
                [!provide]                        PROVIDE (__fini_array_end = .)
                0x000000009d002000                . = ALIGN (0x4)

.ctors          0x000000009d002000        0x0
 *crtbegin.o(.ctors)
 *crtbegin?.o(.ctors)
 *(EXCLUDE_FILE(*crtend?.o *crtend.o) .ctors)
 *(SORT_BY_NAME(.ctors.*))
 *(.ctors)
                0x000000009d002000                . = ALIGN (0x4)

.dtors          0x000000009d002000        0x0
 *crtbegin.o(.dtors)
 *crtbegin?.o(.dtors)
 *(EXCLUDE_FILE(*crtend?.o *crtend.o) .dtors)
 *(SORT_BY_NAME(.dtors.*))
 *(.dtors)
                0x000000009d002000                . = ALIGN (0x4)

.rodata         0x000000009d002000        0x0
 *(.gnu.linkonce.r.*)
 *(.rodata1)
                0x000000009d002000                . = ALIGN (0x4)

.sdata2         0x000000009d002000        0x0
 *(.sdata2 .sdata2.* .gnu.linkonce.s2.*)
                0x000000009d002000                . = ALIGN (0x4)

.sbss2          0x000000009d002000        0x0
 *(.sbss2 .sbss2.* .gnu.linkonce.sb2.*)
                0x000000009d002000                . = ALIGN (0x4)

.eh_frame_hdr
 *(.eh_frame_hdr)
                0x000000009d002000                . = ALIGN (0x4)

.eh_frame
 *(.eh_frame)
                0x000000009d002000                . = ALIGN (0x4)

.gcc_except_table
 *(.gcc_except_table .gcc_except_table.*)
                0x000000009d002000                . = ALIGN (0x4)

.dbg_data       0x00000000a0000000        0x0
                0x00000000a0000000                . = (. + DEFINED (_DEBUGGER)?0x200:0x0)

.jcr            0x00000000a0000000        0x0
 *(.jcr)
                0x00000000a0000000                . = ALIGN (0x4)

.eh_frame
 *(.eh_frame)
                0x00000000a0000000                . = ALIGN (0x4)

.gcc_except_table
 *(.gcc_except_table .gcc_except_table.*)
                0x00000000a0000000                . = ALIGN (0x4)

.persist        0x00000000a0000000        0x0
                0x00000000a0000000                _persist_begin = .
 *(.persist .persist.*)
 *(.pbss .pbss.*)
                0x00000000a0000000                . = ALIGN (0x4)
                0x00000000a0000000                _persist_end = .

.data           0x00000000a0000000        0x0
 *(.gnu.linkonce.d.*)
 *(.data1)
                0x00000000a0000000                . = ALIGN (0x4)
                0x00000000a0000000                . = .
                0x00000000a0007ff0                _gp = (ALIGN (0x10) + 0x7ff0)

.got            0x00000000a0000000        0x0
 *(.got.plt)
 *(.got)
                0x00000000a0000000                . = ALIGN (0x4)

.sdata          0x00000000a0000000       0x3c
                0x00000000a0000000                _sdata_begin = .
 *(.sdata .sdata.* .gnu.linkonce.s.*)
 .sdata         0x00000000a0000000        0x4 build/default/production/_ext/627994287/AD.o
 .sdata         0x00000000a0000004        0x7 build/default/production/_ext/627994287/RC_Servo.o
 *fill*         0x00000000a000000b        0x1 
 .sdata         0x00000000a000000c        0x8 build/default/production/_ext/1612843869/MotorEncoderService.o
 .sdata         0x00000000a0000014        0x4 build/default/production/_ext/1612843869/RCServoService.o
 .sdata         0x00000000a0000018       0x18 build/default/production/_ext/1612843869/SensorEventChecker.o
 .sdata         0x00000000a0000030        0x8 build/default/production/NavigateToTowerSubHSM.o
 .sdata         0x00000000a0000038        0x4 c:/program files/microchip/xc32/v3.01/bin/bin/../../lib/gcc/pic32mx/8.3.1/../../../../pic32mx/lib\liblega-c.a(_iobdata.o)
                0x00000000a0000038                _libc_data
                0x00000000a000003c                . = ALIGN (0x4)
                0x00000000a000003c                _sdata_end = .

.lit8
 *(.lit8)

.lit4
 *(.lit4)
                0x00000000a000003c                . = ALIGN (0x4)
                0x00000000a000003c                _data_end = .
                0x00000000a000003c                _bss_begin = .

.sbss           0x00000000a000003c      0x100
                0x00000000a000003c                _sbss_begin = .
 *(.dynsbss)
 *(.sbss .sbss.* .gnu.linkonce.sb.*)
 .sbss          0x00000000a000003c       0x24 build/default/production/_ext/627994287/AD.o
 .sbss          0x00000000a0000060        0xc build/default/production/_ext/627994287/ES_Framework.o
                0x00000000a0000060                Ready
 .sbss          0x00000000a000006c        0x2 build/default/production/_ext/627994287/ES_KeyboardInput.o
 .sbss          0x00000000a000006e        0x4 build/default/production/_ext/627994287/ES_TattleTale.o
 *fill*         0x00000000a0000072        0x2 
 .sbss          0x00000000a0000074       0x30 build/default/production/_ext/627994287/ES_Timers.o
 .sbss          0x00000000a00000a4        0x2 build/default/production/_ext/627994287/LED.o
 *fill*         0x00000000a00000a6        0x2 
 .sbss          0x00000000a00000a8       0x12 build/default/production/_ext/627994287/RC_Servo.o
                0x00000000a00000a8                RCenabled
 *fill*         0x00000000a00000ba        0x2 
 .sbss          0x00000000a00000bc        0xc build/default/production/_ext/627994287/pwm.o
 .sbss          0x00000000a00000c8        0xe build/default/production/_ext/627994287/serial.o
 *fill*         0x00000000a00000d6        0x2 
 .sbss          0x00000000a00000d8        0xc build/default/production/_ext/627994287/timers.o
 .sbss          0x00000000a00000e4        0x8 build/default/production/_ext/1612843869/MotorEncoderService.o
 .sbss          0x00000000a00000ec        0x1 build/default/production/_ext/1612843869/RCServoService.o
 *fill*         0x00000000a00000ed        0x3 
 .sbss          0x00000000a00000f0        0xc build/default/production/_ext/1612843869/SensorEventChecker.o
 .sbss          0x00000000a00000fc        0xc build/default/production/TopLevelHSM.o
 .sbss          0x00000000a0000108        0x5 build/default/production/DetectBeaconSubHSM.o
 *fill*         0x00000000a000010d        0x3 
 .sbss          0x00000000a0000110        0x5 build/default/production/NavigateToTowerSubHSM.o
 *fill*         0x00000000a0000115        0x3 
 .sbss          0x00000000a0000118        0x5 build/default/production/AlignAndLaunchSubHSM.o
 *fill*         0x00000000a000011d        0x3 
 .sbss          0x00000000a0000120        0xc build/default/production/RobotMovementService.o
 .sbss          0x00000000a000012c        0xc build/default/production/GetBackOnCourseFSM.o
 .sbss          0x00000000a0000138        0x4 c:/program files/microchip/xc32/v3.01/bin/bin/../../lib/gcc/pic32mx/8.3.1/../../../../pic32mx/lib\liblega-c.a(errno.o)
                0x00000000a0000138                errno
 *(.scommon)
                0x00000000a000013c                _sbss_end = .
                0x00000000a000013c                . = ALIGN (0x4)

.bss            0x00000000a000013c        0x0
 *(.dynbss)
 *(COMMON)
                0x00000000a000013c                . = ALIGN ((. != 0x0)?0x4:0x1)
                0x00000000a000013c                . = ALIGN (0x4)
                0x00000000a000013c                _end = .
                0x00000000a000013c                _bss_end = .
                0x0000000000004000                _bmxdudba_address = LENGTH (kseg1_data_mem)
                0x0000000000004000                _bmxdupba_address = LENGTH (kseg1_data_mem)

/DISCARD/
 *(.pdr)
 *(.rel.dyn)
 *(.note.GNU-stack)
 *(.note.GNU-stack)
 *(.gnu_debuglink)
 *(.gnu.lto_*)
 *(.discard)

.gptab.sdata
 *(.gptab.data)
 *(.gptab.sdata)

.gptab.sbss
 *(.gptab.bss)
 *(.gptab.sbss)

.mdebug.abi32   0x00000000a000013c        0x0
 *(.mdebug.abi32)
 .mdebug.abi32  0x00000000a000013c        0x0 build/default/production/_ext/627994287/AD.o
 .mdebug.abi32  0x00000000a000013c        0x0 build/default/production/_ext/627994287/BOARD.o
 .mdebug.abi32  0x00000000a000013c        0x0 build/default/production/_ext/627994287/ES_CheckEvents.o
 .mdebug.abi32  0x00000000a000013c        0x0 build/default/production/_ext/627994287/ES_Framework.o
 .mdebug.abi32  0x00000000a000013c        0x0 build/default/production/_ext/627994287/ES_KeyboardInput.o
 .mdebug.abi32  0x00000000a000013c        0x0 build/default/production/_ext/627994287/ES_PostList.o
 .mdebug.abi32  0x00000000a000013c        0x0 build/default/production/_ext/627994287/ES_Queue.o
 .mdebug.abi32  0x00000000a000013c        0x0 build/default/production/_ext/627994287/ES_TattleTale.o
 .mdebug.abi32  0x00000000a000013c        0x0 build/default/production/_ext/627994287/ES_Timers.o
 .mdebug.abi32  0x00000000a000013c        0x0 build/default/production/_ext/627994287/IO_Ports.o
 .mdebug.abi32  0x00000000a000013c        0x0 build/default/production/_ext/627994287/LED.o
 .mdebug.abi32  0x00000000a000013c        0x0 build/default/production/_ext/627994287/RC_Servo.o
 .mdebug.abi32  0x00000000a000013c        0x0 build/default/production/_ext/627994287/pwm.o
 .mdebug.abi32  0x00000000a000013c        0x0 build/default/production/_ext/627994287/serial.o
 .mdebug.abi32  0x00000000a000013c        0x0 build/default/production/_ext/627994287/timers.o
 .mdebug.abi32  0x00000000a000013c        0x0 build/default/production/_ext/1612843869/motors.o
 .mdebug.abi32  0x00000000a000013c        0x0 build/default/production/_ext/1612843869/MotorEncoderService.o
 .mdebug.abi32  0x00000000a000013c        0x0 build/default/production/_ext/1612843869/RCServoService.o
 .mdebug.abi32  0x00000000a000013c        0x0 build/default/production/_ext/1612843869/SensorEventChecker.o
 .mdebug.abi32  0x00000000a000013c        0x0 build/default/production/ES_Main.o
 .mdebug.abi32  0x00000000a000013c        0x0 build/default/production/TopLevelHSM.o
 .mdebug.abi32  0x00000000a000013c        0x0 build/default/production/DetectBeaconSubHSM.o
 .mdebug.abi32  0x00000000a000013c        0x0 build/default/production/NavigateToTowerSubHSM.o
 .mdebug.abi32  0x00000000a000013c        0x0 build/default/production/AlignAndLaunchSubHSM.o
 .mdebug.abi32  0x00000000a000013c        0x0 build/default/production/RobotMovementService.o
 .mdebug.abi32  0x00000000a000013c        0x0 build/default/production/GetBackOnCourseFSM.o
 .mdebug.abi32  0x00000000a000013c        0x0 c:/program files/microchip/xc32/v3.01/bin/bin/../../lib/gcc/pic32mx/8.3.1\libgcc.a(floatunsisf.o)
 .mdebug.abi32  0x00000000a000013c        0x0 c:/program files/microchip/xc32/v3.01/bin/bin/../../lib/gcc/pic32mx/8.3.1/../../../../pic32mx/lib\libpic32.a(default-bootstrap-exception-handler.o)
 .mdebug.abi32  0x00000000a000013c        0x0 c:/program files/microchip/xc32/v3.01/bin/bin/../../lib/gcc/pic32mx/8.3.1/../../../../pic32mx/lib\libpic32.a(default-on-reset.o)
 .mdebug.abi32  0x00000000a000013c        0x0 c:/program files/microchip/xc32/v3.01/bin/bin/../../lib/gcc/pic32mx/8.3.1/../../../../pic32mx/lib\libpic32.a(default-on-bootstrap.o)
 .mdebug.abi32  0x00000000a000013c        0x0 c:/program files/microchip/xc32/v3.01/bin/bin/../../lib/gcc/pic32mx/8.3.1/../../../../pic32mx/lib\libpic32.a(default-general-exception-handler.o)
 .mdebug.abi32  0x00000000a000013c        0x0 c:/program files/microchip/xc32/v3.01/bin/bin/../../lib/gcc/pic32mx/8.3.1/../../../../pic32mx/lib\libpic32.a(defaultinterrupt.o)
 .mdebug.abi32  0x00000000a000013c        0x0 c:/program files/microchip/xc32/v3.01/bin/bin/../../lib/gcc/pic32mx/8.3.1/../../../../pic32mx/lib\liblega-c.a(fputc.o)
 .mdebug.abi32  0x00000000a000013c        0x0 c:/program files/microchip/xc32/v3.01/bin/bin/../../lib/gcc/pic32mx/8.3.1/../../../../pic32mx/lib\liblega-c.a(fputs.o)
 .mdebug.abi32  0x00000000a000013c        0x0 c:/program files/microchip/xc32/v3.01/bin/bin/../../lib/gcc/pic32mx/8.3.1/../../../../pic32mx/lib\liblega-c.a(printf_cdnopsuxX.eo)
 .mdebug.abi32  0x00000000a000013c        0x0 c:/program files/microchip/xc32/v3.01/bin/bin/../../lib/gcc/pic32mx/8.3.1/../../../../pic32mx/lib\liblega-c.a(printf_cdnopuxX.eo)
 .mdebug.abi32  0x00000000a000013c        0x0 c:/program files/microchip/xc32/v3.01/bin/bin/../../lib/gcc/pic32mx/8.3.1/../../../../pic32mx/lib\liblega-c.a(printf_s.eo)
 .mdebug.abi32  0x00000000a000013c        0x0 c:/program files/microchip/xc32/v3.01/bin/bin/../../lib/gcc/pic32mx/8.3.1/../../../../pic32mx/lib\liblega-c.a(sscanf_cdnopuxX.eo)
 .mdebug.abi32  0x00000000a000013c        0x0 c:/program files/microchip/xc32/v3.01/bin/bin/../../lib/gcc/pic32mx/8.3.1/../../../../pic32mx/lib\liblega-c.a(strlen.o)
 .mdebug.abi32  0x00000000a000013c        0x0 c:/program files/microchip/xc32/v3.01/bin/bin/../../lib/gcc/pic32mx/8.3.1/../../../../pic32mx/lib\liblega-c.a(_doprnt_cdnopsuxX.eo)
 .mdebug.abi32  0x00000000a000013c        0x0 c:/program files/microchip/xc32/v3.01/bin/bin/../../lib/gcc/pic32mx/8.3.1/../../../../pic32mx/lib\liblega-c.a(_doprnt_cdnopuxX.eo)
 .mdebug.abi32  0x00000000a000013c        0x0 c:/program files/microchip/xc32/v3.01/bin/bin/../../lib/gcc/pic32mx/8.3.1/../../../../pic32mx/lib\liblega-c.a(_doprnt_s.eo)
 .mdebug.abi32  0x00000000a000013c        0x0 c:/program files/microchip/xc32/v3.01/bin/bin/../../lib/gcc/pic32mx/8.3.1/../../../../pic32mx/lib\liblega-c.a(_iobdata.o)
 .mdebug.abi32  0x00000000a000013c        0x0 c:/program files/microchip/xc32/v3.01/bin/bin/../../lib/gcc/pic32mx/8.3.1/../../../../pic32mx/lib\liblega-c.a(_iobfuncs.o)
 .mdebug.abi32  0x00000000a000013c        0x0 c:/program files/microchip/xc32/v3.01/bin/bin/../../lib/gcc/pic32mx/8.3.1/../../../../pic32mx/lib\liblega-c.a(_iobstring.o)
 .mdebug.abi32  0x00000000a000013c        0x0 c:/program files/microchip/xc32/v3.01/bin/bin/../../lib/gcc/pic32mx/8.3.1/../../../../pic32mx/lib\liblega-c.a(_doscan.o)
 .mdebug.abi32  0x00000000a000013c        0x0 c:/program files/microchip/xc32/v3.01/bin/bin/../../lib/gcc/pic32mx/8.3.1/../../../../pic32mx/lib\liblega-c.a(stubs.o)
 .mdebug.abi32  0x00000000a000013c        0x0 c:/program files/microchip/xc32/v3.01/bin/bin/../../lib/gcc/pic32mx/8.3.1/../../../../pic32mx/lib\liblega-c.a(strchr.o)
 .mdebug.abi32  0x00000000a000013c        0x0 c:/program files/microchip/xc32/v3.01/bin/bin/../../lib/gcc/pic32mx/8.3.1/../../../../pic32mx/lib\liblega-c.a(memcpy.o)
 .mdebug.abi32  0x00000000a000013c        0x0 c:/program files/microchip/xc32/v3.01/bin/bin/../../lib/gcc/pic32mx/8.3.1/../../../../pic32mx/lib\liblega-c.a(memset.o)
 .mdebug.abi32  0x00000000a000013c        0x0 c:/program files/microchip/xc32/v3.01/bin/bin/../../lib/gcc/pic32mx/8.3.1/../../../../pic32mx/lib\liblega-c.a(ctype.o)
 .mdebug.abi32  0x00000000a000013c        0x0 c:/program files/microchip/xc32/v3.01/bin/bin/../../lib/gcc/pic32mx/8.3.1/../../../../pic32mx/lib\liblega-c.a(malloc.o)
 .mdebug.abi32  0x00000000a000013c        0x0 c:/program files/microchip/xc32/v3.01/bin/bin/../../lib/gcc/pic32mx/8.3.1/../../../../pic32mx/lib\liblega-c.a(malloc_realloc.o)
 .mdebug.abi32  0x00000000a000013c        0x0 c:/program files/microchip/xc32/v3.01/bin/bin/../../lib/gcc/pic32mx/8.3.1/../../../../pic32mx/lib\liblega-c.a(errno.o)
 .mdebug.abi32  0x00000000a000013c        0x0 c:/program files/microchip/xc32/v3.01/bin/bin/../../lib/gcc/pic32mx/8.3.1/../../../../pic32mx/lib\liblega-c.a(strtol.o)
 .mdebug.abi32  0x00000000a000013c        0x0 c:/program files/microchip/xc32/v3.01/bin/bin/../../lib/gcc/pic32mx/8.3.1/../../../../pic32mx/lib\liblega-c.a(strtoul.o)
 .mdebug.abi32  0x00000000a000013c        0x0 c:/program files/microchip/xc32/v3.01/bin/bin/../../lib/gcc/pic32mx/8.3.1/../../../../pic32mx/lib\liblega-c.a(strtoll.o)
 .mdebug.abi32  0x00000000a000013c        0x0 c:/program files/microchip/xc32/v3.01/bin/bin/../../lib/gcc/pic32mx/8.3.1/../../../../pic32mx/lib\liblega-c.a(strtoull.o)
 .mdebug.abi32  0x00000000a000013c        0x0 c:/program files/microchip/xc32/v3.01/bin/bin/../../lib/gcc/pic32mx/8.3.1/../../../../pic32mx/lib\liblega-c.a(strtod.o)
 .mdebug.abi32  0x00000000a000013c        0x0 c:/program files/microchip/xc32/v3.01/bin/bin/../../lib/gcc/pic32mx/8.3.1/../../../../pic32mx/lib\liblega-c.a(strtof.o)
 .mdebug.abi32  0x00000000a000013c        0x0 c:/program files/microchip/xc32/v3.01/bin/bin/../../lib/gcc/pic32mx/8.3.1/../../../../pic32mx/lib\liblega-c.a(fullexit.o)
 .mdebug.abi32  0x00000000a000013c        0x0 c:/program files/microchip/xc32/v3.01/bin/bin/../../lib/gcc/pic32mx/8.3.1/../../../../pic32mx/lib\liblega-c.a(fgetc.o)
 .mdebug.abi32  0x00000000a000013c        0x0 c:/program files/microchip/xc32/v3.01/bin/bin/../../lib/gcc/pic32mx/8.3.1/../../../../pic32mx/lib\liblega-c.a(ungetc.o)
 .mdebug.abi32  0x00000000a000013c        0x0 c:/program files/microchip/xc32/v3.01/bin/bin/../../lib/gcc/pic32mx/8.3.1/../../../../pic32mx/lib\liblega-c.a(memmove.o)
 .mdebug.abi32  0x00000000a000013c        0x0 c:/program files/microchip/xc32/v3.01/bin/bin/../../lib/gcc/pic32mx/8.3.1/../../../../pic32mx/lib\liblega-c.a(_ioinit.o)
 .mdebug.abi32  0x00000000a000013c        0x0 c:/program files/microchip/xc32/v3.01/bin/bin/../../lib/gcc/pic32mx/8.3.1/../../../../pic32mx/lib\liblega-c.a(_cleanup.o)
 .mdebug.abi32  0x00000000a000013c        0x0 c:/program files/microchip/xc32/v3.01/bin/bin/../../lib/gcc/pic32mx/8.3.1/../../../../pic32mx/lib\liblega-c.a(_bufproc.o)
 .mdebug.abi32  0x00000000a000013c        0x0 c:/program files/microchip/xc32/v3.01/bin/bin/../../lib/gcc/pic32mx/8.3.1/../../../../pic32mx/lib\libm.a(__strtod.o)
 .mdebug.abi32  0x00000000a000013c        0x0 c:/program files/microchip/xc32/v3.01/bin/bin/../../lib/gcc/pic32mx/8.3.1/../../../../pic32mx/lib\libm.a(__strtof.o)
 .mdebug.abi32  0x00000000a000013c        0x0 c:/program files/microchip/xc32/v3.01/bin/bin/../../lib/gcc/pic32mx/8.3.1/../../../../pic32mx/lib\libe.a(_ldexp.o)
 .mdebug.abi32  0x00000000a000013c        0x0 c:/program files/microchip/xc32/v3.01/bin/bin/../../lib/gcc/pic32mx/8.3.1/../../../../pic32mx/lib\libe.a(_ldexpf.o)
 .mdebug.abi32  0x00000000a000013c        0x0 c:/program files/microchip/xc32/v3.01/bin/bin/../../lib/gcc/pic32mx/8.3.1\libgcc.a(_divdi3.o)
 .mdebug.abi32  0x00000000a000013c        0x0 c:/program files/microchip/xc32/v3.01/bin/bin/../../lib/gcc/pic32mx/8.3.1\libgcc.a(_udivdi3.o)
 .mdebug.abi32  0x00000000a000013c        0x0 c:/program files/microchip/xc32/v3.01/bin/bin/../../lib/gcc/pic32mx/8.3.1\libgcc.a(_umoddi3.o)
 .mdebug.abi32  0x00000000a000013c        0x0 c:/program files/microchip/xc32/v3.01/bin/bin/../../lib/gcc/pic32mx/8.3.1/../../../../pic32mx/lib\libpic32.a(sbrk.o)
 .mdebug.abi32  0x00000000a000013c        0x0 c:/program files/microchip/xc32/v3.01/bin/bin/../../lib/gcc/pic32mx/8.3.1/../../../../pic32mx/lib\libpic32.a(_exit.o)
 .mdebug.abi32  0x00000000a000013c        0x0 c:/program files/microchip/xc32/v3.01/bin/bin/../../lib/gcc/pic32mx/8.3.1/../../../../pic32mx/lib\libpic32.a(isatty.o)
 .mdebug.abi32  0x00000000a000013c        0x0 c:/program files/microchip/xc32/v3.01/bin/bin/../../lib/gcc/pic32mx/8.3.1/../../../../pic32mx/lib\libpic32.a(_mon_write.o)

.mdebug.abiN32
 *(.mdebug.abiN32)

.mdebug.abi64
 *(.mdebug.abi64)

.mdebug.abiO64
 *(.mdebug.abiO64)

.mdebug.eabi32
 *(.mdebug.eabi32)

.mdebug.eabi64
 *(.mdebug.eabi64)

.gcc_compiled_long32
 *(.gcc_compiled_long32)

.gcc_compiled_long64
 *(.gcc_compiled_long64)

.stab
 *(.stab)

.stabstr
 *(.stabstr)

.stab.excl
 *(.stab.excl)

.stab.exclstr
 *(.stab.exclstr)

.stab.index
 *(.stab.index)

.stab.indexstr
 *(.stab.indexstr)

.comment        0x0000000000000000      0xb47
 *(.comment)
 .comment       0x0000000000000000       0x53 build/default/production/_ext/627994287/AD.o
                                         0x54 (size before relaxing)
 .comment       0x0000000000000053       0x54 build/default/production/_ext/627994287/BOARD.o
 .comment       0x0000000000000053       0x54 build/default/production/_ext/627994287/ES_CheckEvents.o
 .comment       0x0000000000000053       0x54 build/default/production/_ext/627994287/ES_Framework.o
 .comment       0x0000000000000053       0x54 build/default/production/_ext/627994287/ES_KeyboardInput.o
 .comment       0x0000000000000053       0x54 build/default/production/_ext/627994287/ES_PostList.o
 .comment       0x0000000000000053       0x54 build/default/production/_ext/627994287/ES_Queue.o
 .comment       0x0000000000000053       0x54 build/default/production/_ext/627994287/ES_TattleTale.o
 .comment       0x0000000000000053       0x54 build/default/production/_ext/627994287/ES_Timers.o
 .comment       0x0000000000000053       0x54 build/default/production/_ext/627994287/IO_Ports.o
 .comment       0x0000000000000053       0x54 build/default/production/_ext/627994287/LED.o
 .comment       0x0000000000000053       0x54 build/default/production/_ext/627994287/RC_Servo.o
 .comment       0x0000000000000053       0x54 build/default/production/_ext/627994287/pwm.o
 .comment       0x0000000000000053       0x54 build/default/production/_ext/627994287/serial.o
 .comment       0x0000000000000053       0x54 build/default/production/_ext/627994287/timers.o
 .comment       0x0000000000000053       0x54 build/default/production/_ext/1612843869/motors.o
 .comment       0x0000000000000053       0x54 build/default/production/_ext/1612843869/MotorEncoderService.o
 .comment       0x0000000000000053       0x54 build/default/production/_ext/1612843869/RCServoService.o
 .comment       0x0000000000000053       0x54 build/default/production/_ext/1612843869/SensorEventChecker.o
 .comment       0x0000000000000053       0x54 build/default/production/ES_Main.o
 .comment       0x0000000000000053       0x54 build/default/production/TopLevelHSM.o
 .comment       0x0000000000000053       0x54 build/default/production/DetectBeaconSubHSM.o
 .comment       0x0000000000000053       0x54 build/default/production/NavigateToTowerSubHSM.o
 .comment       0x0000000000000053       0x54 build/default/production/AlignAndLaunchSubHSM.o
 .comment       0x0000000000000053       0x54 build/default/production/RobotMovementService.o
 .comment       0x0000000000000053       0x54 build/default/production/GetBackOnCourseFSM.o
 .comment       0x0000000000000053       0x54 c:/program files/microchip/xc32/v3.01/bin/bin/../../lib/gcc/pic32mx/8.3.1\libgcc.a(floatunsisf.o)
 .comment       0x0000000000000053       0x54 c:/program files/microchip/xc32/v3.01/bin/bin/../../lib/gcc/pic32mx/8.3.1/../../../../pic32mx/lib\libpic32.a(default-bootstrap-exception-handler.o)
 .comment       0x0000000000000053       0x54 c:/program files/microchip/xc32/v3.01/bin/bin/../../lib/gcc/pic32mx/8.3.1/../../../../pic32mx/lib\libpic32.a(default-on-reset.o)
 .comment       0x0000000000000053       0x54 c:/program files/microchip/xc32/v3.01/bin/bin/../../lib/gcc/pic32mx/8.3.1/../../../../pic32mx/lib\libpic32.a(default-on-bootstrap.o)
 .comment       0x0000000000000053       0x54 c:/program files/microchip/xc32/v3.01/bin/bin/../../lib/gcc/pic32mx/8.3.1/../../../../pic32mx/lib\libpic32.a(default-general-exception-handler.o)
 .comment       0x0000000000000053       0x54 c:/program files/microchip/xc32/v3.01/bin/bin/../../lib/gcc/pic32mx/8.3.1/../../../../pic32mx/lib\libpic32.a(defaultinterrupt.o)
 .comment       0x0000000000000053       0x50 c:/program files/microchip/xc32/v3.01/bin/bin/../../lib/gcc/pic32mx/8.3.1/../../../../pic32mx/lib\liblega-c.a(fputc.o)
                                         0xa4 (size before relaxing)
 .comment       0x00000000000000a3       0x50 c:/program files/microchip/xc32/v3.01/bin/bin/../../lib/gcc/pic32mx/8.3.1/../../../../pic32mx/lib\liblega-c.a(fputs.o)
                                         0xa4 (size before relaxing)
 .comment       0x00000000000000f3       0x51 c:/program files/microchip/xc32/v3.01/bin/bin/../../lib/gcc/pic32mx/8.3.1/../../../../pic32mx/lib\liblega-c.a(printf_cdnopsuxX.eo)
                                         0xa5 (size before relaxing)
 .comment       0x0000000000000144       0xa5 c:/program files/microchip/xc32/v3.01/bin/bin/../../lib/gcc/pic32mx/8.3.1/../../../../pic32mx/lib\liblega-c.a(printf_cdnopuxX.eo)
 .comment       0x0000000000000144       0xa5 c:/program files/microchip/xc32/v3.01/bin/bin/../../lib/gcc/pic32mx/8.3.1/../../../../pic32mx/lib\liblega-c.a(printf_s.eo)
 .comment       0x0000000000000144       0x51 c:/program files/microchip/xc32/v3.01/bin/bin/../../lib/gcc/pic32mx/8.3.1/../../../../pic32mx/lib\liblega-c.a(sscanf_cdnopuxX.eo)
                                         0xa5 (size before relaxing)
 .comment       0x0000000000000195       0x4f c:/program files/microchip/xc32/v3.01/bin/bin/../../lib/gcc/pic32mx/8.3.1/../../../../pic32mx/lib\liblega-c.a(strlen.o)
                                         0xa3 (size before relaxing)
 .comment       0x00000000000001e4       0x52 c:/program files/microchip/xc32/v3.01/bin/bin/../../lib/gcc/pic32mx/8.3.1/../../../../pic32mx/lib\liblega-c.a(_doprnt_cdnopsuxX.eo)
                                         0xa6 (size before relaxing)
 .comment       0x0000000000000236       0xa6 c:/program files/microchip/xc32/v3.01/bin/bin/../../lib/gcc/pic32mx/8.3.1/../../../../pic32mx/lib\liblega-c.a(_doprnt_cdnopuxX.eo)
 .comment       0x0000000000000236       0xa6 c:/program files/microchip/xc32/v3.01/bin/bin/../../lib/gcc/pic32mx/8.3.1/../../../../pic32mx/lib\liblega-c.a(_doprnt_s.eo)
 .comment       0x0000000000000236       0x53 c:/program files/microchip/xc32/v3.01/bin/bin/../../lib/gcc/pic32mx/8.3.1/../../../../pic32mx/lib\liblega-c.a(_iobdata.o)
                                         0xa7 (size before relaxing)
 .comment       0x0000000000000289       0x54 c:/program files/microchip/xc32/v3.01/bin/bin/../../lib/gcc/pic32mx/8.3.1/../../../../pic32mx/lib\liblega-c.a(_iobfuncs.o)
                                         0xa8 (size before relaxing)
 .comment       0x00000000000002dd       0x55 c:/program files/microchip/xc32/v3.01/bin/bin/../../lib/gcc/pic32mx/8.3.1/../../../../pic32mx/lib\liblega-c.a(_iobstring.o)
                                         0xa9 (size before relaxing)
 .comment       0x0000000000000332       0x52 c:/program files/microchip/xc32/v3.01/bin/bin/../../lib/gcc/pic32mx/8.3.1/../../../../pic32mx/lib\liblega-c.a(_doscan.o)
                                         0xa6 (size before relaxing)
 .comment       0x0000000000000384       0x4e c:/program files/microchip/xc32/v3.01/bin/bin/../../lib/gcc/pic32mx/8.3.1/../../../../pic32mx/lib\liblega-c.a(stubs.o)
                                         0xa2 (size before relaxing)
 .comment       0x00000000000003d2       0x4f c:/program files/microchip/xc32/v3.01/bin/bin/../../lib/gcc/pic32mx/8.3.1/../../../../pic32mx/lib\liblega-c.a(strchr.o)
                                         0xa3 (size before relaxing)
 .comment       0x0000000000000421       0x4f c:/program files/microchip/xc32/v3.01/bin/bin/../../lib/gcc/pic32mx/8.3.1/../../../../pic32mx/lib\liblega-c.a(memcpy.o)
                                         0xa3 (size before relaxing)
 .comment       0x0000000000000470       0x4f c:/program files/microchip/xc32/v3.01/bin/bin/../../lib/gcc/pic32mx/8.3.1/../../../../pic32mx/lib\liblega-c.a(memset.o)
                                         0xa3 (size before relaxing)
 .comment       0x00000000000004bf       0x4e c:/program files/microchip/xc32/v3.01/bin/bin/../../lib/gcc/pic32mx/8.3.1/../../../../pic32mx/lib\liblega-c.a(ctype.o)
                                         0xa2 (size before relaxing)
 .comment       0x000000000000050d       0x54 c:/program files/microchip/xc32/v3.01/bin/bin/../../lib/gcc/pic32mx/8.3.1/../../../../pic32mx/lib\liblega-c.a(malloc.o)
 .comment       0x000000000000050d       0x54 c:/program files/microchip/xc32/v3.01/bin/bin/../../lib/gcc/pic32mx/8.3.1/../../../../pic32mx/lib\liblega-c.a(malloc_realloc.o)
 .comment       0x000000000000050d       0x4e c:/program files/microchip/xc32/v3.01/bin/bin/../../lib/gcc/pic32mx/8.3.1/../../../../pic32mx/lib\liblega-c.a(errno.o)
                                         0xa2 (size before relaxing)
 .comment       0x000000000000055b       0x4f c:/program files/microchip/xc32/v3.01/bin/bin/../../lib/gcc/pic32mx/8.3.1/../../../../pic32mx/lib\liblega-c.a(strtol.o)
                                         0xa3 (size before relaxing)
 .comment       0x00000000000005aa       0x50 c:/program files/microchip/xc32/v3.01/bin/bin/../../lib/gcc/pic32mx/8.3.1/../../../../pic32mx/lib\liblega-c.a(strtoul.o)
                                         0xa4 (size before relaxing)
 .comment       0x00000000000005fa       0x50 c:/program files/microchip/xc32/v3.01/bin/bin/../../lib/gcc/pic32mx/8.3.1/../../../../pic32mx/lib\liblega-c.a(strtoll.o)
                                         0xa4 (size before relaxing)
 .comment       0x000000000000064a       0x51 c:/program files/microchip/xc32/v3.01/bin/bin/../../lib/gcc/pic32mx/8.3.1/../../../../pic32mx/lib\liblega-c.a(strtoull.o)
                                         0xa5 (size before relaxing)
 .comment       0x000000000000069b       0x4f c:/program files/microchip/xc32/v3.01/bin/bin/../../lib/gcc/pic32mx/8.3.1/../../../../pic32mx/lib\liblega-c.a(strtod.o)
                                         0xa3 (size before relaxing)
 .comment       0x00000000000006ea       0xa3 c:/program files/microchip/xc32/v3.01/bin/bin/../../lib/gcc/pic32mx/8.3.1/../../../../pic32mx/lib\liblega-c.a(strtof.o)
 .comment       0x00000000000006ea       0x51 c:/program files/microchip/xc32/v3.01/bin/bin/../../lib/gcc/pic32mx/8.3.1/../../../../pic32mx/lib\liblega-c.a(fullexit.o)
                                         0xa5 (size before relaxing)
 .comment       0x000000000000073b       0x50 c:/program files/microchip/xc32/v3.01/bin/bin/../../lib/gcc/pic32mx/8.3.1/../../../../pic32mx/lib\liblega-c.a(fgetc.o)
                                         0xa4 (size before relaxing)
 .comment       0x000000000000078b       0x51 c:/program files/microchip/xc32/v3.01/bin/bin/../../lib/gcc/pic32mx/8.3.1/../../../../pic32mx/lib\liblega-c.a(ungetc.o)
                                         0xa5 (size before relaxing)
 .comment       0x00000000000007dc       0x50 c:/program files/microchip/xc32/v3.01/bin/bin/../../lib/gcc/pic32mx/8.3.1/../../../../pic32mx/lib\liblega-c.a(memmove.o)
                                         0xa4 (size before relaxing)
 .comment       0x000000000000082c       0x52 c:/program files/microchip/xc32/v3.01/bin/bin/../../lib/gcc/pic32mx/8.3.1/../../../../pic32mx/lib\liblega-c.a(_ioinit.o)
                                         0xa6 (size before relaxing)
 .comment       0x000000000000087e       0x51 c:/program files/microchip/xc32/v3.01/bin/bin/../../lib/gcc/pic32mx/8.3.1/../../../../pic32mx/lib\liblega-c.a(_cleanup.o)
                                         0xa5 (size before relaxing)
 .comment       0x00000000000008cf       0x53 c:/program files/microchip/xc32/v3.01/bin/bin/../../lib/gcc/pic32mx/8.3.1/../../../../pic32mx/lib\liblega-c.a(_bufproc.o)
                                         0xa7 (size before relaxing)
 .comment       0x0000000000000922       0x9d c:/program files/microchip/xc32/v3.01/bin/bin/../../lib/gcc/pic32mx/8.3.1/../../../../pic32mx/lib\libm.a(__strtod.o)
                                         0xf1 (size before relaxing)
 .comment       0x00000000000009bf       0x4f c:/program files/microchip/xc32/v3.01/bin/bin/../../lib/gcc/pic32mx/8.3.1/../../../../pic32mx/lib\libm.a(__strtof.o)
                                         0xf1 (size before relaxing)
 .comment       0x0000000000000a0e       0x50 c:/program files/microchip/xc32/v3.01/bin/bin/../../lib/gcc/pic32mx/8.3.1/../../../../pic32mx/lib\libe.a(_ldexp.o)
                                         0xf2 (size before relaxing)
 .comment       0x0000000000000a5e       0x50 c:/program files/microchip/xc32/v3.01/bin/bin/../../lib/gcc/pic32mx/8.3.1/../../../../pic32mx/lib\libe.a(_ldexpf.o)
                                         0xf2 (size before relaxing)
 .comment       0x0000000000000aae       0x54 c:/program files/microchip/xc32/v3.01/bin/bin/../../lib/gcc/pic32mx/8.3.1\libgcc.a(_divdi3.o)
 .comment       0x0000000000000aae       0x54 c:/program files/microchip/xc32/v3.01/bin/bin/../../lib/gcc/pic32mx/8.3.1\libgcc.a(_udivdi3.o)
 .comment       0x0000000000000aae       0x54 c:/program files/microchip/xc32/v3.01/bin/bin/../../lib/gcc/pic32mx/8.3.1\libgcc.a(_umoddi3.o)
 .comment       0x0000000000000aae       0x4b c:/program files/microchip/xc32/v3.01/bin/bin/../../lib/gcc/pic32mx/8.3.1/../../../../pic32mx/lib\libpic32.a(sbrk.o)
                                         0x9f (size before relaxing)
 .comment       0x0000000000000af9       0x54 c:/program files/microchip/xc32/v3.01/bin/bin/../../lib/gcc/pic32mx/8.3.1/../../../../pic32mx/lib\libpic32.a(_exit.o)
 .comment       0x0000000000000af9       0x4e c:/program files/microchip/xc32/v3.01/bin/bin/../../lib/gcc/pic32mx/8.3.1/../../../../pic32mx/lib\libpic32.a(isatty.o)
                                         0xa2 (size before relaxing)
 .comment       0x0000000000000b47       0x54 c:/program files/microchip/xc32/v3.01/bin/bin/../../lib/gcc/pic32mx/8.3.1/../../../../pic32mx/lib\libpic32.a(_mon_write.o)

.debug
 *(.debug)

.line
 *(.line)

.debug_srcinfo
 *(.debug_srcinfo)

.debug_sfnames
 *(.debug_sfnames)

.debug_aranges  0x0000000000000000      0x578
 *(.debug_aranges)
 .debug_aranges
                0x0000000000000000       0x20 build/default/production/_ext/627994287/AD.o
 .debug_aranges
                0x0000000000000020       0x20 build/default/production/_ext/627994287/BOARD.o
 .debug_aranges
                0x0000000000000040       0x20 build/default/production/_ext/627994287/ES_CheckEvents.o
 .debug_aranges
                0x0000000000000060       0x20 build/default/production/_ext/627994287/ES_Framework.o
 .debug_aranges
                0x0000000000000080       0x20 build/default/production/_ext/627994287/ES_KeyboardInput.o
 .debug_aranges
                0x00000000000000a0       0x18 build/default/production/_ext/627994287/ES_PostList.o
 .debug_aranges
                0x00000000000000b8       0x20 build/default/production/_ext/627994287/ES_Queue.o
 .debug_aranges
                0x00000000000000d8       0x20 build/default/production/_ext/627994287/ES_TattleTale.o
 .debug_aranges
                0x00000000000000f8       0x20 build/default/production/_ext/627994287/ES_Timers.o
 .debug_aranges
                0x0000000000000118       0x20 build/default/production/_ext/627994287/IO_Ports.o
 .debug_aranges
                0x0000000000000138       0x20 build/default/production/_ext/627994287/LED.o
 .debug_aranges
                0x0000000000000158       0x20 build/default/production/_ext/627994287/RC_Servo.o
 .debug_aranges
                0x0000000000000178       0x20 build/default/production/_ext/627994287/pwm.o
 .debug_aranges
                0x0000000000000198       0x20 build/default/production/_ext/627994287/serial.o
 .debug_aranges
                0x00000000000001b8       0x20 build/default/production/_ext/627994287/timers.o
 .debug_aranges
                0x00000000000001d8       0x20 build/default/production/_ext/1612843869/motors.o
 .debug_aranges
                0x00000000000001f8       0x20 build/default/production/_ext/1612843869/MotorEncoderService.o
 .debug_aranges
                0x0000000000000218       0x20 build/default/production/_ext/1612843869/RCServoService.o
 .debug_aranges
                0x0000000000000238       0x20 build/default/production/_ext/1612843869/SensorEventChecker.o
 .debug_aranges
                0x0000000000000258       0x20 build/default/production/ES_Main.o
 .debug_aranges
                0x0000000000000278       0x20 build/default/production/TopLevelHSM.o
 .debug_aranges
                0x0000000000000298       0x20 build/default/production/DetectBeaconSubHSM.o
 .debug_aranges
                0x00000000000002b8       0x20 build/default/production/NavigateToTowerSubHSM.o
 .debug_aranges
                0x00000000000002d8       0x20 build/default/production/AlignAndLaunchSubHSM.o
 .debug_aranges
                0x00000000000002f8       0x20 build/default/production/RobotMovementService.o
 .debug_aranges
                0x0000000000000318       0x20 build/default/production/GetBackOnCourseFSM.o
 .debug_aranges
                0x0000000000000338       0x20 c:/program files/microchip/xc32/v3.01/bin/bin/../../lib/gcc/pic32mx/8.3.1\libgcc.a(floatunsisf.o)
 .debug_aranges
                0x0000000000000358       0x20 c:/program files/microchip/xc32/v3.01/bin/bin/../../lib/gcc/pic32mx/8.3.1/../../../../pic32mx/lib\libpic32.a(default-bootstrap-exception-handler.o)
 .debug_aranges
                0x0000000000000378       0x20 c:/program files/microchip/xc32/v3.01/bin/bin/../../lib/gcc/pic32mx/8.3.1/../../../../pic32mx/lib\libpic32.a(default-on-reset.o)
 .debug_aranges
                0x0000000000000398       0x20 c:/program files/microchip/xc32/v3.01/bin/bin/../../lib/gcc/pic32mx/8.3.1/../../../../pic32mx/lib\libpic32.a(default-on-bootstrap.o)
 .debug_aranges
                0x00000000000003b8       0x20 c:/program files/microchip/xc32/v3.01/bin/bin/../../lib/gcc/pic32mx/8.3.1/../../../../pic32mx/lib\libpic32.a(default-general-exception-handler.o)
 .debug_aranges
                0x00000000000003d8       0x20 c:/program files/microchip/xc32/v3.01/bin/bin/../../lib/gcc/pic32mx/8.3.1/../../../../pic32mx/lib\libpic32.a(defaultinterrupt.o)
 .debug_aranges
                0x00000000000003f8       0x20 c:/program files/microchip/xc32/v3.01/bin/bin/../../lib/gcc/pic32mx/8.3.1/../../../../pic32mx/lib\libm.a(__strtod.o)
 .debug_aranges
                0x0000000000000418       0x20 c:/program files/microchip/xc32/v3.01/bin/bin/../../lib/gcc/pic32mx/8.3.1/../../../../pic32mx/lib\libm.a(__strtof.o)
 .debug_aranges
                0x0000000000000438       0x20 c:/program files/microchip/xc32/v3.01/bin/bin/../../lib/gcc/pic32mx/8.3.1/../../../../pic32mx/lib\libe.a(_ldexp.o)
 .debug_aranges
                0x0000000000000458       0x20 c:/program files/microchip/xc32/v3.01/bin/bin/../../lib/gcc/pic32mx/8.3.1/../../../../pic32mx/lib\libe.a(_ldexpf.o)
 .debug_aranges
                0x0000000000000478       0x20 c:/program files/microchip/xc32/v3.01/bin/bin/../../lib/gcc/pic32mx/8.3.1\libgcc.a(_divdi3.o)
 .debug_aranges
                0x0000000000000498       0x20 c:/program files/microchip/xc32/v3.01/bin/bin/../../lib/gcc/pic32mx/8.3.1\libgcc.a(_udivdi3.o)
 .debug_aranges
                0x00000000000004b8       0x20 c:/program files/microchip/xc32/v3.01/bin/bin/../../lib/gcc/pic32mx/8.3.1\libgcc.a(_umoddi3.o)
 .debug_aranges
                0x00000000000004d8       0x40 c:/program files/microchip/xc32/v3.01/bin/bin/../../lib/gcc/pic32mx/8.3.1/../../../../pic32mx/lib\libpic32.a(sbrk.o)
 .debug_aranges
                0x0000000000000518       0x20 c:/program files/microchip/xc32/v3.01/bin/bin/../../lib/gcc/pic32mx/8.3.1/../../../../pic32mx/lib\libpic32.a(_exit.o)
 .debug_aranges
                0x0000000000000538       0x20 c:/program files/microchip/xc32/v3.01/bin/bin/../../lib/gcc/pic32mx/8.3.1/../../../../pic32mx/lib\libpic32.a(isatty.o)
 .debug_aranges
                0x0000000000000558       0x20 c:/program files/microchip/xc32/v3.01/bin/bin/../../lib/gcc/pic32mx/8.3.1/../../../../pic32mx/lib\libpic32.a(_mon_write.o)

.debug_pubnames
 *(.debug_pubnames)

.debug_info     0x0000000000000000    0xba8cd
 *(.debug_info .gnu.linkonce.wi.*)
 .debug_info    0x0000000000000000     0xac75 build/default/production/_ext/627994287/AD.o
 .debug_info    0x000000000000ac75     0xa6f4 build/default/production/_ext/627994287/BOARD.o
 .debug_info    0x0000000000015369     0xa758 build/default/production/_ext/627994287/ES_CheckEvents.o
 .debug_info    0x000000000001fac1      0x8a1 build/default/production/_ext/627994287/ES_Framework.o
 .debug_info    0x0000000000020362      0x657 build/default/production/_ext/627994287/ES_KeyboardInput.o
 .debug_info    0x00000000000209b9       0x8a build/default/production/_ext/627994287/ES_PostList.o
 .debug_info    0x0000000000020a43      0x3c4 build/default/production/_ext/627994287/ES_Queue.o
 .debug_info    0x0000000000020e07     0xac95 build/default/production/_ext/627994287/ES_TattleTale.o
 .debug_info    0x000000000002ba9c     0xaae7 build/default/production/_ext/627994287/ES_Timers.o
 .debug_info    0x0000000000036583     0xabbc build/default/production/_ext/627994287/IO_Ports.o
 .debug_info    0x000000000004113f     0xaa67 build/default/production/_ext/627994287/LED.o
 .debug_info    0x000000000004bba6     0xaa81 build/default/production/_ext/627994287/RC_Servo.o
 .debug_info    0x0000000000056627     0xabc6 build/default/production/_ext/627994287/pwm.o
 .debug_info    0x00000000000611ed     0xa8d8 build/default/production/_ext/627994287/serial.o
 .debug_info    0x000000000006bac5     0xa8a9 build/default/production/_ext/627994287/timers.o
 .debug_info    0x000000000007636e     0xaa67 build/default/production/_ext/1612843869/motors.o
 .debug_info    0x0000000000080dd5      0x62b build/default/production/_ext/1612843869/MotorEncoderService.o
 .debug_info    0x0000000000081400      0x5e9 build/default/production/_ext/1612843869/RCServoService.o
 .debug_info    0x00000000000819e9     0xae6f build/default/production/_ext/1612843869/SensorEventChecker.o
 .debug_info    0x000000000008c858     0xaa28 build/default/production/ES_Main.o
 .debug_info    0x0000000000097280     0xae2a build/default/production/TopLevelHSM.o
 .debug_info    0x00000000000a20aa     0xadd6 build/default/production/DetectBeaconSubHSM.o
 .debug_info    0x00000000000ace80      0x3d1 build/default/production/NavigateToTowerSubHSM.o
 .debug_info    0x00000000000ad251      0x3a7 build/default/production/AlignAndLaunchSubHSM.o
 .debug_info    0x00000000000ad5f8      0x607 build/default/production/RobotMovementService.o
 .debug_info    0x00000000000adbff     0xae06 build/default/production/GetBackOnCourseFSM.o
 .debug_info    0x00000000000b8a05       0x9d c:/program files/microchip/xc32/v3.01/bin/bin/../../lib/gcc/pic32mx/8.3.1\libgcc.a(floatunsisf.o)
 .debug_info    0x00000000000b8aa2       0x41 c:/program files/microchip/xc32/v3.01/bin/bin/../../lib/gcc/pic32mx/8.3.1/../../../../pic32mx/lib\libpic32.a(default-bootstrap-exception-handler.o)
 .debug_info    0x00000000000b8ae3       0x3f c:/program files/microchip/xc32/v3.01/bin/bin/../../lib/gcc/pic32mx/8.3.1/../../../../pic32mx/lib\libpic32.a(default-on-reset.o)
 .debug_info    0x00000000000b8b22       0x3f c:/program files/microchip/xc32/v3.01/bin/bin/../../lib/gcc/pic32mx/8.3.1/../../../../pic32mx/lib\libpic32.a(default-on-bootstrap.o)
 .debug_info    0x00000000000b8b61       0x41 c:/program files/microchip/xc32/v3.01/bin/bin/../../lib/gcc/pic32mx/8.3.1/../../../../pic32mx/lib\libpic32.a(default-general-exception-handler.o)
 .debug_info    0x00000000000b8ba2       0x40 c:/program files/microchip/xc32/v3.01/bin/bin/../../lib/gcc/pic32mx/8.3.1/../../../../pic32mx/lib\libpic32.a(defaultinterrupt.o)
 .debug_info    0x00000000000b8be2       0x4b c:/program files/microchip/xc32/v3.01/bin/bin/../../lib/gcc/pic32mx/8.3.1/../../../../pic32mx/lib\libm.a(__strtod.o)
 .debug_info    0x00000000000b8c2d       0x61 c:/program files/microchip/xc32/v3.01/bin/bin/../../lib/gcc/pic32mx/8.3.1/../../../../pic32mx/lib\libm.a(__strtof.o)
 .debug_info    0x00000000000b8c8e       0x77 c:/program files/microchip/xc32/v3.01/bin/bin/../../lib/gcc/pic32mx/8.3.1/../../../../pic32mx/lib\libe.a(_ldexp.o)
 .debug_info    0x00000000000b8d05       0x77 c:/program files/microchip/xc32/v3.01/bin/bin/../../lib/gcc/pic32mx/8.3.1/../../../../pic32mx/lib\libe.a(_ldexpf.o)
 .debug_info    0x00000000000b8d7c      0x8aa c:/program files/microchip/xc32/v3.01/bin/bin/../../lib/gcc/pic32mx/8.3.1\libgcc.a(_divdi3.o)
 .debug_info    0x00000000000b9626      0x85c c:/program files/microchip/xc32/v3.01/bin/bin/../../lib/gcc/pic32mx/8.3.1\libgcc.a(_udivdi3.o)
 .debug_info    0x00000000000b9e82      0x8d4 c:/program files/microchip/xc32/v3.01/bin/bin/../../lib/gcc/pic32mx/8.3.1\libgcc.a(_umoddi3.o)
 .debug_info    0x00000000000ba756       0xae c:/program files/microchip/xc32/v3.01/bin/bin/../../lib/gcc/pic32mx/8.3.1/../../../../pic32mx/lib\libpic32.a(sbrk.o)
 .debug_info    0x00000000000ba804       0x40 c:/program files/microchip/xc32/v3.01/bin/bin/../../lib/gcc/pic32mx/8.3.1/../../../../pic32mx/lib\libpic32.a(_exit.o)
 .debug_info    0x00000000000ba844       0x3f c:/program files/microchip/xc32/v3.01/bin/bin/../../lib/gcc/pic32mx/8.3.1/../../../../pic32mx/lib\libpic32.a(isatty.o)
 .debug_info    0x00000000000ba883       0x4a c:/program files/microchip/xc32/v3.01/bin/bin/../../lib/gcc/pic32mx/8.3.1/../../../../pic32mx/lib\libpic32.a(_mon_write.o)

.debug_abbrev   0x0000000000000000     0x4165
 *(.debug_abbrev)
 .debug_abbrev  0x0000000000000000      0x30b build/default/production/_ext/627994287/AD.o
 .debug_abbrev  0x000000000000030b      0x1d2 build/default/production/_ext/627994287/BOARD.o
 .debug_abbrev  0x00000000000004dd      0x1ed build/default/production/_ext/627994287/ES_CheckEvents.o
 .debug_abbrev  0x00000000000006ca      0x236 build/default/production/_ext/627994287/ES_Framework.o
 .debug_abbrev  0x0000000000000900      0x199 build/default/production/_ext/627994287/ES_KeyboardInput.o
 .debug_abbrev  0x0000000000000a99       0x59 build/default/production/_ext/627994287/ES_PostList.o
 .debug_abbrev  0x0000000000000af2      0x12c build/default/production/_ext/627994287/ES_Queue.o
 .debug_abbrev  0x0000000000000c1e      0x29c build/default/production/_ext/627994287/ES_TattleTale.o
 .debug_abbrev  0x0000000000000eba      0x2a7 build/default/production/_ext/627994287/ES_Timers.o
 .debug_abbrev  0x0000000000001161      0x262 build/default/production/_ext/627994287/IO_Ports.o
 .debug_abbrev  0x00000000000013c3      0x29e build/default/production/_ext/627994287/LED.o
 .debug_abbrev  0x0000000000001661      0x2de build/default/production/_ext/627994287/RC_Servo.o
 .debug_abbrev  0x000000000000193f      0x2da build/default/production/_ext/627994287/pwm.o
 .debug_abbrev  0x0000000000001c19      0x2ae build/default/production/_ext/627994287/serial.o
 .debug_abbrev  0x0000000000001ec7      0x21b build/default/production/_ext/627994287/timers.o
 .debug_abbrev  0x00000000000020e2      0x253 build/default/production/_ext/1612843869/motors.o
 .debug_abbrev  0x0000000000002335      0x186 build/default/production/_ext/1612843869/MotorEncoderService.o
 .debug_abbrev  0x00000000000024bb      0x18e build/default/production/_ext/1612843869/RCServoService.o
 .debug_abbrev  0x0000000000002649      0x2c4 build/default/production/_ext/1612843869/SensorEventChecker.o
 .debug_abbrev  0x000000000000290d      0x23e build/default/production/ES_Main.o
 .debug_abbrev  0x0000000000002b4b      0x2ef build/default/production/TopLevelHSM.o
 .debug_abbrev  0x0000000000002e3a      0x2e7 build/default/production/DetectBeaconSubHSM.o
 .debug_abbrev  0x0000000000003121      0x12f build/default/production/NavigateToTowerSubHSM.o
 .debug_abbrev  0x0000000000003250      0x12f build/default/production/AlignAndLaunchSubHSM.o
 .debug_abbrev  0x000000000000337f      0x186 build/default/production/RobotMovementService.o
 .debug_abbrev  0x0000000000003505      0x2cd build/default/production/GetBackOnCourseFSM.o
 .debug_abbrev  0x00000000000037d2       0x7d c:/program files/microchip/xc32/v3.01/bin/bin/../../lib/gcc/pic32mx/8.3.1\libgcc.a(floatunsisf.o)
 .debug_abbrev  0x000000000000384f       0x31 c:/program files/microchip/xc32/v3.01/bin/bin/../../lib/gcc/pic32mx/8.3.1/../../../../pic32mx/lib\libpic32.a(default-bootstrap-exception-handler.o)
 .debug_abbrev  0x0000000000003880       0x2e c:/program files/microchip/xc32/v3.01/bin/bin/../../lib/gcc/pic32mx/8.3.1/../../../../pic32mx/lib\libpic32.a(default-on-reset.o)
 .debug_abbrev  0x00000000000038ae       0x2e c:/program files/microchip/xc32/v3.01/bin/bin/../../lib/gcc/pic32mx/8.3.1/../../../../pic32mx/lib\libpic32.a(default-on-bootstrap.o)
 .debug_abbrev  0x00000000000038dc       0x31 c:/program files/microchip/xc32/v3.01/bin/bin/../../lib/gcc/pic32mx/8.3.1/../../../../pic32mx/lib\libpic32.a(default-general-exception-handler.o)
 .debug_abbrev  0x000000000000390d       0x31 c:/program files/microchip/xc32/v3.01/bin/bin/../../lib/gcc/pic32mx/8.3.1/../../../../pic32mx/lib\libpic32.a(defaultinterrupt.o)
 .debug_abbrev  0x000000000000393e       0x3d c:/program files/microchip/xc32/v3.01/bin/bin/../../lib/gcc/pic32mx/8.3.1/../../../../pic32mx/lib\libm.a(__strtod.o)
 .debug_abbrev  0x000000000000397b       0x50 c:/program files/microchip/xc32/v3.01/bin/bin/../../lib/gcc/pic32mx/8.3.1/../../../../pic32mx/lib\libm.a(__strtof.o)
 .debug_abbrev  0x00000000000039cb       0x61 c:/program files/microchip/xc32/v3.01/bin/bin/../../lib/gcc/pic32mx/8.3.1/../../../../pic32mx/lib\libe.a(_ldexp.o)
 .debug_abbrev  0x0000000000003a2c       0x61 c:/program files/microchip/xc32/v3.01/bin/bin/../../lib/gcc/pic32mx/8.3.1/../../../../pic32mx/lib\libe.a(_ldexpf.o)
 .debug_abbrev  0x0000000000003a8d      0x1ec c:/program files/microchip/xc32/v3.01/bin/bin/../../lib/gcc/pic32mx/8.3.1\libgcc.a(_divdi3.o)
 .debug_abbrev  0x0000000000003c79      0x1d8 c:/program files/microchip/xc32/v3.01/bin/bin/../../lib/gcc/pic32mx/8.3.1\libgcc.a(_udivdi3.o)
 .debug_abbrev  0x0000000000003e51      0x1ee c:/program files/microchip/xc32/v3.01/bin/bin/../../lib/gcc/pic32mx/8.3.1\libgcc.a(_umoddi3.o)
 .debug_abbrev  0x000000000000403f       0x90 c:/program files/microchip/xc32/v3.01/bin/bin/../../lib/gcc/pic32mx/8.3.1/../../../../pic32mx/lib\libpic32.a(sbrk.o)
 .debug_abbrev  0x00000000000040cf       0x31 c:/program files/microchip/xc32/v3.01/bin/bin/../../lib/gcc/pic32mx/8.3.1/../../../../pic32mx/lib\libpic32.a(_exit.o)
 .debug_abbrev  0x0000000000004100       0x2e c:/program files/microchip/xc32/v3.01/bin/bin/../../lib/gcc/pic32mx/8.3.1/../../../../pic32mx/lib\libpic32.a(isatty.o)
 .debug_abbrev  0x000000000000412e       0x37 c:/program files/microchip/xc32/v3.01/bin/bin/../../lib/gcc/pic32mx/8.3.1/../../../../pic32mx/lib\libpic32.a(_mon_write.o)

.debug_line     0x0000000000000000     0x74e8
 *(.debug_line)
 .debug_line    0x0000000000000000      0x4a3 build/default/production/_ext/627994287/AD.o
 .debug_line    0x00000000000004a3      0x1cd build/default/production/_ext/627994287/BOARD.o
 .debug_line    0x0000000000000670      0x2b2 build/default/production/_ext/627994287/ES_CheckEvents.o
 .debug_line    0x0000000000000922      0x32c build/default/production/_ext/627994287/ES_Framework.o
 .debug_line    0x0000000000000c4e      0x308 build/default/production/_ext/627994287/ES_KeyboardInput.o
 .debug_line    0x0000000000000f56       0x6e build/default/production/_ext/627994287/ES_PostList.o
 .debug_line    0x0000000000000fc4      0x26a build/default/production/_ext/627994287/ES_Queue.o
 .debug_line    0x000000000000122e      0x3bd build/default/production/_ext/627994287/ES_TattleTale.o
 .debug_line    0x00000000000015eb      0x368 build/default/production/_ext/627994287/ES_Timers.o
 .debug_line    0x0000000000001953      0x3e9 build/default/production/_ext/627994287/IO_Ports.o
 .debug_line    0x0000000000001d3c      0x612 build/default/production/_ext/627994287/LED.o
 .debug_line    0x000000000000234e      0x50e build/default/production/_ext/627994287/RC_Servo.o
 .debug_line    0x000000000000285c      0x413 build/default/production/_ext/627994287/pwm.o
 .debug_line    0x0000000000002c6f      0x345 build/default/production/_ext/627994287/serial.o
 .debug_line    0x0000000000002fb4      0x2cc build/default/production/_ext/627994287/timers.o
 .debug_line    0x0000000000003280      0x2c7 build/default/production/_ext/1612843869/motors.o
 .debug_line    0x0000000000003547      0x339 build/default/production/_ext/1612843869/MotorEncoderService.o
 .debug_line    0x0000000000003880      0x275 build/default/production/_ext/1612843869/RCServoService.o
 .debug_line    0x0000000000003af5      0x519 build/default/production/_ext/1612843869/SensorEventChecker.o
 .debug_line    0x000000000000400e      0x2a9 build/default/production/ES_Main.o
 .debug_line    0x00000000000042b7      0x3db build/default/production/TopLevelHSM.o
 .debug_line    0x0000000000004692      0x3fe build/default/production/DetectBeaconSubHSM.o
 .debug_line    0x0000000000004a90      0x2af build/default/production/NavigateToTowerSubHSM.o
 .debug_line    0x0000000000004d3f      0x259 build/default/production/AlignAndLaunchSubHSM.o
 .debug_line    0x0000000000004f98      0x3c8 build/default/production/RobotMovementService.o
 .debug_line    0x0000000000005360      0x502 build/default/production/GetBackOnCourseFSM.o
 .debug_line    0x0000000000005862       0xba c:/program files/microchip/xc32/v3.01/bin/bin/../../lib/gcc/pic32mx/8.3.1\libgcc.a(floatunsisf.o)
 .debug_line    0x000000000000591c       0xca c:/program files/microchip/xc32/v3.01/bin/bin/../../lib/gcc/pic32mx/8.3.1/../../../../pic32mx/lib\libpic32.a(default-bootstrap-exception-handler.o)
 .debug_line    0x00000000000059e6       0xa6 c:/program files/microchip/xc32/v3.01/bin/bin/../../lib/gcc/pic32mx/8.3.1/../../../../pic32mx/lib\libpic32.a(default-on-reset.o)
 .debug_line    0x0000000000005a8c       0xaa c:/program files/microchip/xc32/v3.01/bin/bin/../../lib/gcc/pic32mx/8.3.1/../../../../pic32mx/lib\libpic32.a(default-on-bootstrap.o)
 .debug_line    0x0000000000005b36       0xc8 c:/program files/microchip/xc32/v3.01/bin/bin/../../lib/gcc/pic32mx/8.3.1/../../../../pic32mx/lib\libpic32.a(default-general-exception-handler.o)
 .debug_line    0x0000000000005bfe       0xc9 c:/program files/microchip/xc32/v3.01/bin/bin/../../lib/gcc/pic32mx/8.3.1/../../../../pic32mx/lib\libpic32.a(defaultinterrupt.o)
 .debug_line    0x0000000000005cc7      0x1ea c:/program files/microchip/xc32/v3.01/bin/bin/../../lib/gcc/pic32mx/8.3.1/../../../../pic32mx/lib\libm.a(__strtod.o)
 .debug_line    0x0000000000005eb1      0x1e7 c:/program files/microchip/xc32/v3.01/bin/bin/../../lib/gcc/pic32mx/8.3.1/../../../../pic32mx/lib\libm.a(__strtof.o)
 .debug_line    0x0000000000006098      0x149 c:/program files/microchip/xc32/v3.01/bin/bin/../../lib/gcc/pic32mx/8.3.1/../../../../pic32mx/lib\libe.a(_ldexp.o)
 .debug_line    0x00000000000061e1      0x132 c:/program files/microchip/xc32/v3.01/bin/bin/../../lib/gcc/pic32mx/8.3.1/../../../../pic32mx/lib\libe.a(_ldexpf.o)
 .debug_line    0x0000000000006313      0x4d7 c:/program files/microchip/xc32/v3.01/bin/bin/../../lib/gcc/pic32mx/8.3.1\libgcc.a(_divdi3.o)
 .debug_line    0x00000000000067ea      0x490 c:/program files/microchip/xc32/v3.01/bin/bin/../../lib/gcc/pic32mx/8.3.1\libgcc.a(_udivdi3.o)
 .debug_line    0x0000000000006c7a      0x4d9 c:/program files/microchip/xc32/v3.01/bin/bin/../../lib/gcc/pic32mx/8.3.1\libgcc.a(_umoddi3.o)
 .debug_line    0x0000000000007153      0x1af c:/program files/microchip/xc32/v3.01/bin/bin/../../lib/gcc/pic32mx/8.3.1/../../../../pic32mx/lib\libpic32.a(sbrk.o)
 .debug_line    0x0000000000007302       0x9a c:/program files/microchip/xc32/v3.01/bin/bin/../../lib/gcc/pic32mx/8.3.1/../../../../pic32mx/lib\libpic32.a(_exit.o)
 .debug_line    0x000000000000739c       0x9c c:/program files/microchip/xc32/v3.01/bin/bin/../../lib/gcc/pic32mx/8.3.1/../../../../pic32mx/lib\libpic32.a(isatty.o)
 .debug_line    0x0000000000007438       0xb0 c:/program files/microchip/xc32/v3.01/bin/bin/../../lib/gcc/pic32mx/8.3.1/../../../../pic32mx/lib\libpic32.a(_mon_write.o)

.debug_frame    0x0000000000000000     0x1a78
 *(.debug_frame)
 .debug_frame   0x0000000000000000      0x190 build/default/production/_ext/627994287/AD.o
 .debug_frame   0x0000000000000190       0x74 build/default/production/_ext/627994287/BOARD.o
 .debug_frame   0x0000000000000204       0x34 build/default/production/_ext/627994287/ES_CheckEvents.o
 .debug_frame   0x0000000000000238       0xc4 build/default/production/_ext/627994287/ES_Framework.o
 .debug_frame   0x00000000000002fc       0xa0 build/default/production/_ext/627994287/ES_KeyboardInput.o
 .debug_frame   0x000000000000039c       0x90 build/default/production/_ext/627994287/ES_Queue.o
 .debug_frame   0x000000000000042c       0x7c build/default/production/_ext/627994287/ES_TattleTale.o
 .debug_frame   0x00000000000004a8      0x110 build/default/production/_ext/627994287/ES_Timers.o
 .debug_frame   0x00000000000005b8      0x200 build/default/production/_ext/627994287/IO_Ports.o
 .debug_frame   0x00000000000007b8      0x170 build/default/production/_ext/627994287/LED.o
 .debug_frame   0x0000000000000928      0x1f8 build/default/production/_ext/627994287/RC_Servo.o
 .debug_frame   0x0000000000000b20      0x148 build/default/production/_ext/627994287/pwm.o
 .debug_frame   0x0000000000000c68      0x15c build/default/production/_ext/627994287/serial.o
 .debug_frame   0x0000000000000dc4      0x174 build/default/production/_ext/627994287/timers.o
 .debug_frame   0x0000000000000f38       0xc4 build/default/production/_ext/1612843869/motors.o
 .debug_frame   0x0000000000000ffc       0x7c build/default/production/_ext/1612843869/MotorEncoderService.o
 .debug_frame   0x0000000000001078       0x7c build/default/production/_ext/1612843869/RCServoService.o
 .debug_frame   0x00000000000010f4       0xe8 build/default/production/_ext/1612843869/SensorEventChecker.o
 .debug_frame   0x00000000000011dc       0x2c build/default/production/ES_Main.o
 .debug_frame   0x0000000000001208      0x178 build/default/production/TopLevelHSM.o
 .debug_frame   0x0000000000001380      0x154 build/default/production/DetectBeaconSubHSM.o
 .debug_frame   0x00000000000014d4       0x58 build/default/production/NavigateToTowerSubHSM.o
 .debug_frame   0x000000000000152c       0x58 build/default/production/AlignAndLaunchSubHSM.o
 .debug_frame   0x0000000000001584       0x7c build/default/production/RobotMovementService.o
 .debug_frame   0x0000000000001600      0x154 build/default/production/GetBackOnCourseFSM.o
 .debug_frame   0x0000000000001754       0x2c c:/program files/microchip/xc32/v3.01/bin/bin/../../lib/gcc/pic32mx/8.3.1\libgcc.a(floatunsisf.o)
 .debug_frame   0x0000000000001780       0x2c c:/program files/microchip/xc32/v3.01/bin/bin/../../lib/gcc/pic32mx/8.3.1/../../../../pic32mx/lib\libpic32.a(default-bootstrap-exception-handler.o)
 .debug_frame   0x00000000000017ac       0x20 c:/program files/microchip/xc32/v3.01/bin/bin/../../lib/gcc/pic32mx/8.3.1/../../../../pic32mx/lib\libpic32.a(default-on-reset.o)
 .debug_frame   0x00000000000017cc       0x20 c:/program files/microchip/xc32/v3.01/bin/bin/../../lib/gcc/pic32mx/8.3.1/../../../../pic32mx/lib\libpic32.a(default-on-bootstrap.o)
 .debug_frame   0x00000000000017ec       0x2c c:/program files/microchip/xc32/v3.01/bin/bin/../../lib/gcc/pic32mx/8.3.1/../../../../pic32mx/lib\libpic32.a(default-general-exception-handler.o)
 .debug_frame   0x0000000000001818       0x20 c:/program files/microchip/xc32/v3.01/bin/bin/../../lib/gcc/pic32mx/8.3.1/../../../../pic32mx/lib\libpic32.a(defaultinterrupt.o)
 .debug_frame   0x0000000000001838       0x48 c:/program files/microchip/xc32/v3.01/bin/bin/../../lib/gcc/pic32mx/8.3.1/../../../../pic32mx/lib\libm.a(__strtod.o)
 .debug_frame   0x0000000000001880       0x48 c:/program files/microchip/xc32/v3.01/bin/bin/../../lib/gcc/pic32mx/8.3.1/../../../../pic32mx/lib\libm.a(__strtof.o)
 .debug_frame   0x00000000000018c8       0x20 c:/program files/microchip/xc32/v3.01/bin/bin/../../lib/gcc/pic32mx/8.3.1/../../../../pic32mx/lib\libe.a(_ldexp.o)
 .debug_frame   0x00000000000018e8       0x20 c:/program files/microchip/xc32/v3.01/bin/bin/../../lib/gcc/pic32mx/8.3.1/../../../../pic32mx/lib\libe.a(_ldexpf.o)
 .debug_frame   0x0000000000001908       0x20 c:/program files/microchip/xc32/v3.01/bin/bin/../../lib/gcc/pic32mx/8.3.1\libgcc.a(_divdi3.o)
 .debug_frame   0x0000000000001928       0x20 c:/program files/microchip/xc32/v3.01/bin/bin/../../lib/gcc/pic32mx/8.3.1\libgcc.a(_udivdi3.o)
 .debug_frame   0x0000000000001948       0x20 c:/program files/microchip/xc32/v3.01/bin/bin/../../lib/gcc/pic32mx/8.3.1\libgcc.a(_umoddi3.o)
 .debug_frame   0x0000000000001968       0x98 c:/program files/microchip/xc32/v3.01/bin/bin/../../lib/gcc/pic32mx/8.3.1/../../../../pic32mx/lib\libpic32.a(sbrk.o)
 .debug_frame   0x0000000000001a00       0x20 c:/program files/microchip/xc32/v3.01/bin/bin/../../lib/gcc/pic32mx/8.3.1/../../../../pic32mx/lib\libpic32.a(_exit.o)
 .debug_frame   0x0000000000001a20       0x20 c:/program files/microchip/xc32/v3.01/bin/bin/../../lib/gcc/pic32mx/8.3.1/../../../../pic32mx/lib\libpic32.a(isatty.o)
 .debug_frame   0x0000000000001a40       0x38 c:/program files/microchip/xc32/v3.01/bin/bin/../../lib/gcc/pic32mx/8.3.1/../../../../pic32mx/lib\libpic32.a(_mon_write.o)

.debug_str      0x0000000000000000    0x47370
 *(.debug_str)
 .debug_str     0x0000000000000000     0x3a9e build/default/production/_ext/627994287/AD.o
 .debug_str     0x0000000000003a9e     0x37e9 build/default/production/_ext/627994287/BOARD.o
 .debug_str     0x0000000000007287     0x3815 build/default/production/_ext/627994287/ES_CheckEvents.o
 .debug_str     0x000000000000aa9c      0xa0f build/default/production/_ext/627994287/ES_Framework.o
 .debug_str     0x000000000000b4ab      0x933 build/default/production/_ext/627994287/ES_KeyboardInput.o
 .debug_str     0x000000000000bdde      0x2df build/default/production/_ext/627994287/ES_PostList.o
 .debug_str     0x000000000000c0bd      0x7b0 build/default/production/_ext/627994287/ES_Queue.o
 .debug_str     0x000000000000c86d     0x3e02 build/default/production/_ext/627994287/ES_TattleTale.o
 .debug_str     0x000000000001066f     0x3d23 build/default/production/_ext/627994287/ES_Timers.o
 .debug_str     0x0000000000014392     0x39bd build/default/production/_ext/627994287/IO_Ports.o
 .debug_str     0x0000000000017d4f     0x390b build/default/production/_ext/627994287/LED.o
 .debug_str     0x000000000001b65a     0x395c build/default/production/_ext/627994287/RC_Servo.o
 .debug_str     0x000000000001efb6     0x3a38 build/default/production/_ext/627994287/pwm.o
 .debug_str     0x00000000000229ee     0x38f7 build/default/production/_ext/627994287/serial.o
 .debug_str     0x00000000000262e5     0x38c9 build/default/production/_ext/627994287/timers.o
 .debug_str     0x0000000000029bae     0x399f build/default/production/_ext/1612843869/motors.o
 .debug_str     0x000000000002d54d      0x931 build/default/production/_ext/1612843869/MotorEncoderService.o
 .debug_str     0x000000000002de7e      0x8f1 build/default/production/_ext/1612843869/RCServoService.o
 .debug_str     0x000000000002e76f     0x3e28 build/default/production/_ext/1612843869/SensorEventChecker.o
 .debug_str     0x0000000000032597     0x398b build/default/production/ES_Main.o
 .debug_str     0x0000000000035f22     0x3e8d build/default/production/TopLevelHSM.o
 .debug_str     0x0000000000039daf     0x3e8c build/default/production/DetectBeaconSubHSM.o
 .debug_str     0x000000000003dc3b      0x845 build/default/production/NavigateToTowerSubHSM.o
 .debug_str     0x000000000003e480      0x80e build/default/production/AlignAndLaunchSubHSM.o
 .debug_str     0x000000000003ec8e      0x8f2 build/default/production/RobotMovementService.o